#
# There is insufficient memory for the Java Runtime Environment to continue.
# Native memory allocation (malloc) failed to allocate 542896 bytes. Error detail: Chunk::new
# Possible reasons:
#   The system is out of physical RAM or swap space
#   This process is running with CompressedOops enabled, and the Java Heap may be blocking the growth of the native heap
# Possible solutions:
#   Reduce memory load on the system
#   Increase physical memory or swap space
#   Check if swap backing store is full
#   Decrease Java heap size (-Xmx/-Xms)
#   Decrease number of Java threads
#   Decrease Java thread stack sizes (-Xss)
#   Set larger code cache with -XX:ReservedCodeCacheSize=
#   JVM is running with Unscaled Compressed Oops mode in which the Java heap is
#     placed in the first 4GB address space. The Java Heap base address is the
#     maximum limit for the native heap growth. Please use -XX:HeapBaseMinAddress
#     to set the Java Heap base and to place the Java Heap above 4GB virtual address.
# This output file may be truncated or incomplete.
#
#  Out of Memory Error (arena.cpp:168), pid=21172, tid=27328
#
# JRE version: OpenJDK Runtime Environment Temurin-21.0.10+7 (21.0.10+7) (build 21.0.10+7-LTS)
# Java VM: OpenJDK 64-Bit Server VM Temurin-21.0.10+7 (21.0.10+7-LTS, mixed mode, sharing, tiered, compressed oops, compressed class ptrs, g1 gc, windows-amd64)
# No core dump will be written. Minidumps are not enabled by default on client versions of Windows
#

---------------  S U M M A R Y ------------

Command Line: --add-opens=java.base/java.util=ALL-UNNAMED --add-opens=java.base/java.lang=ALL-UNNAMED --add-opens=java.base/java.lang.invoke=ALL-UNNAMED --add-opens=java.prefs/java.util.prefs=ALL-UNNAMED --add-exports=jdk.compiler/com.sun.tools.javac.api=ALL-UNNAMED --add-exports=jdk.compiler/com.sun.tools.javac.util=ALL-UNNAMED --add-opens=java.base/java.nio.charset=ALL-UNNAMED --add-opens=java.base/java.net=ALL-UNNAMED --add-opens=java.base/java.util.concurrent.atomic=ALL-UNNAMED -XX:MaxMetaspaceSize=384m -XX:+HeapDumpOnOutOfMemoryError -Xms256m -Xmx512m -Dfile.encoding=utf8 -Duser.country=FR -Duser.language=fr -Duser.variant -javaagent:C:\Users\HP\.gradle\wrapper\dists\gradle-8.9-bin\90cnw93cvbtalezasaz0blq0a\gradle-8.9\lib\agents\gradle-instrumentation-agent-8.9.jar org.gradle.launcher.daemon.bootstrap.GradleDaemon 8.9

Host: 11th Gen Intel(R) Core(TM) i5-1135G7 @ 2.40GHz, 8 cores, 7G,  Windows 11 , 64 bit Build 26100 (10.0.26100.8328)
Time: Fri May 22 01:04:02 2026 Greenwich elapsed time: 40.074294 seconds (0d 0h 0m 40s)

---------------  T H R E A D  ---------------

Current thread (0x00000157ff3b5630):  JavaThread "C2 CompilerThread0" daemon [_thread_in_native, id=27328, stack(0x0000004234f00000,0x0000004235000000) (1024K)]


Current CompileTask:
C2:40074 6946       4       sun.nio.fs.WindowsPathParser::normalize (233 bytes)

Stack: [0x0000004234f00000,0x0000004235000000]
Native frames: (J=compiled Java code, j=interpreted, Vv=VM code, C=native code)
V  [jvm.dll+0x6d7a39]
V  [jvm.dll+0x8b4b26]
V  [jvm.dll+0x8b70de]
V  [jvm.dll+0x8b77c3]
V  [jvm.dll+0x284346]
V  [jvm.dll+0xc66ed]
V  [jvm.dll+0xc6c31]
V  [jvm.dll+0x3bec01]
V  [jvm.dll+0x38b162]
V  [jvm.dll+0x38a5aa]
V  [jvm.dll+0x24c560]
V  [jvm.dll+0x24bb40]
V  [jvm.dll+0x1cb34e]
V  [jvm.dll+0x25b85d]
V  [jvm.dll+0x259dea]
V  [jvm.dll+0x3f857e]
V  [jvm.dll+0x85f59d]
V  [jvm.dll+0x6d626d]
C  [ucrtbase.dll+0x37b0]
C  [KERNEL32.DLL+0x2e957]
C  [ntdll.dll+0x427c]


---------------  P R O C E S S  ---------------

Threads class SMR info:
_java_thread_list=0x00000157ad3f9bc0, length=55, elements={
0x00000157fa9afa50, 0x00000157ff3a21f0, 0x00000157ff3a2c50, 0x00000157ff3a6a80,
0x00000157ff3abec0, 0x00000157ff3ac920, 0x00000157ff3ad380, 0x00000157ff3b5630,
0x00000157ff3b70e0, 0x00000157ff5f7980, 0x00000157ff637380, 0x00000157ab1e8f00,
0x00000157ab017dc0, 0x00000157ab1cbed0, 0x00000157ab083860, 0x00000157ff42d1c0,
0x00000157aa0f0070, 0x00000157aa0ee630, 0x00000157aa0f1ab0, 0x00000157aa0f0700,
0x00000157aa0eecc0, 0x00000157aa0f0d90, 0x00000157aa0f1420, 0x00000157aa0ef350,
0x00000157aa796c60, 0x00000157aa798010, 0x00000157aa797980, 0x00000157aa7993c0,
0x00000157aa79a770, 0x00000157aa7972f0, 0x00000157aa799a50, 0x00000157aa798d30,
0x00000157aa79ae00, 0x00000157aa79b490, 0x00000157aa79c840, 0x00000157aa79e280,
0x00000157aa79ced0, 0x00000157aa79dbf0, 0x00000157acf038c0, 0x00000157acf017f0,
0x00000157acf00440, 0x00000157acf03f50, 0x00000157acf02510, 0x00000157acf00ad0,
0x00000157acf01160, 0x00000157acf03230, 0x00000157acf04c70, 0x00000157acf01e80,
0x00000157acf06020, 0x00000157acf045e0, 0x00000157acf05300, 0x00000157acf05990,
0x00000157acf02ba0, 0x00000157acf06d40, 0x00000157acf066b0
}

Java Threads: ( => current thread )
  0x00000157fa9afa50 JavaThread "main"                              [_thread_blocked, id=26500, stack(0x0000004234100000,0x0000004234200000) (1024K)]
  0x00000157ff3a21f0 JavaThread "Reference Handler"          daemon [_thread_blocked, id=25984, stack(0x0000004234900000,0x0000004234a00000) (1024K)]
  0x00000157ff3a2c50 JavaThread "Finalizer"                  daemon [_thread_blocked, id=25396, stack(0x0000004234a00000,0x0000004234b00000) (1024K)]
  0x00000157ff3a6a80 JavaThread "Signal Dispatcher"          daemon [_thread_blocked, id=25280, stack(0x0000004234b00000,0x0000004234c00000) (1024K)]
  0x00000157ff3abec0 JavaThread "Attach Listener"            daemon [_thread_blocked, id=24476, stack(0x0000004234c00000,0x0000004234d00000) (1024K)]
  0x00000157ff3ac920 JavaThread "Service Thread"             daemon [_thread_blocked, id=27912, stack(0x0000004234d00000,0x0000004234e00000) (1024K)]
  0x00000157ff3ad380 JavaThread "Monitor Deflation Thread"   daemon [_thread_blocked, id=10356, stack(0x0000004234e00000,0x0000004234f00000) (1024K)]
=>0x00000157ff3b5630 JavaThread "C2 CompilerThread0"         daemon [_thread_in_native, id=27328, stack(0x0000004234f00000,0x0000004235000000) (1024K)]
  0x00000157ff3b70e0 JavaThread "C1 CompilerThread0"         daemon [_thread_blocked, id=12172, stack(0x0000004235000000,0x0000004235100000) (1024K)]
  0x00000157ff5f7980 JavaThread "Common-Cleaner"             daemon [_thread_blocked, id=9000, stack(0x0000004235100000,0x0000004235200000) (1024K)]
  0x00000157ff637380 JavaThread "Notification Thread"        daemon [_thread_blocked, id=27644, stack(0x0000004235200000,0x0000004235300000) (1024K)]
  0x00000157ab1e8f00 JavaThread "Daemon health stats"               [_thread_blocked, id=28372, stack(0x0000004235800000,0x0000004235900000) (1024K)]
  0x00000157ab017dc0 JavaThread "Incoming local TCP Connector on port 56314"        [_thread_in_native, id=30904, stack(0x0000004235900000,0x0000004235a00000) (1024K)]
  0x00000157ab1cbed0 JavaThread "Daemon periodic checks"            [_thread_blocked, id=29372, stack(0x0000004235a00000,0x0000004235b00000) (1024K)]
  0x00000157ab083860 JavaThread "Daemon"                            [_thread_blocked, id=28136, stack(0x0000004235b00000,0x0000004235c00000) (1024K)]
  0x00000157ff42d1c0 JavaThread "Handler for socket connection from /127.0.0.1:56314 to /127.0.0.1:56315"        [_thread_in_native, id=6172, stack(0x0000004235c00000,0x0000004235d00000) (1024K)]
  0x00000157aa0f0070 JavaThread "Cancel handler"                    [_thread_blocked, id=27892, stack(0x0000004235d00000,0x0000004235e00000) (1024K)]
  0x00000157aa0ee630 JavaThread "Daemon worker"                     [_thread_in_native, id=28920, stack(0x0000004235e00000,0x0000004235f00000) (1024K)]
  0x00000157aa0f1ab0 JavaThread "Asynchronous log dispatcher for DefaultDaemonConnection: socket connection from /127.0.0.1:56314 to /127.0.0.1:56315"        [_thread_blocked, id=27996, stack(0x0000004235f00000,0x0000004236000000) (1024K)]
  0x00000157aa0f0700 JavaThread "Stdin handler"                     [_thread_blocked, id=20608, stack(0x0000004236000000,0x0000004236100000) (1024K)]
  0x00000157aa0eecc0 JavaThread "Daemon client event forwarder"        [_thread_blocked, id=7804, stack(0x0000004236100000,0x0000004236200000) (1024K)]
  0x00000157aa0f0d90 JavaThread "Cache worker for journal cache (C:\Users\HP\.gradle\caches\journal-1)"        [_thread_blocked, id=20192, stack(0x0000004236200000,0x0000004236300000) (1024K)]
  0x00000157aa0f1420 JavaThread "File lock request listener"        [_thread_in_native, id=20820, stack(0x0000004236300000,0x0000004236400000) (1024K)]
  0x00000157aa0ef350 JavaThread "Cache worker for file hash cache (C:\Users\HP\.gradle\caches\8.9\fileHashes)"        [_thread_blocked, id=30036, stack(0x0000004236400000,0x0000004236500000) (1024K)]
  0x00000157aa796c60 JavaThread "Cache worker for file hash cache (C:\Users\HP\Downloads\flutter_windows_3.41.9-stable\flutter\packages\flutter_tools\gradle\.gradle\8.9\fileHashes)"        [_thread_blocked, id=24500, stack(0x0000004236800000,0x0000004236900000) (1024K)]
  0x00000157aa798010 JavaThread "Cache worker for Build Output Cleanup Cache (C:\Users\HP\Downloads\flutter_windows_3.41.9-stable\flutter\packages\flutter_tools\gradle\.gradle\buildOutputCleanup)"        [_thread_blocked, id=31180, stack(0x0000004236900000,0x0000004236a00000) (1024K)]
  0x00000157aa797980 JavaThread "File watcher server"        daemon [_thread_in_native, id=28028, stack(0x0000004236a00000,0x0000004236b00000) (1024K)]
  0x00000157aa7993c0 JavaThread "File watcher consumer"      daemon [_thread_blocked, id=20004, stack(0x0000004236b00000,0x0000004236c00000) (1024K)]
  0x00000157aa79a770 JavaThread "Cache worker for checksums cache (C:\Users\HP\Downloads\flutter_windows_3.41.9-stable\flutter\packages\flutter_tools\gradle\.gradle\8.9\checksums)"        [_thread_blocked, id=29108, stack(0x0000004236c00000,0x0000004236d00000) (1024K)]
  0x00000157aa7972f0 JavaThread "Cache worker for file content cache (C:\Users\HP\.gradle\caches\8.9\fileContent)"        [_thread_blocked, id=28280, stack(0x0000004236d00000,0x0000004236e00000) (1024K)]
  0x00000157aa799a50 JavaThread "Cache worker for cache directory md-rule (C:\Users\HP\.gradle\caches\8.9\md-rule)"        [_thread_blocked, id=20716, stack(0x0000004236e00000,0x0000004236f00000) (1024K)]
  0x00000157aa798d30 JavaThread "Cache worker for cache directory md-supplier (C:\Users\HP\.gradle\caches\8.9\md-supplier)"        [_thread_blocked, id=31340, stack(0x0000004236f00000,0x0000004237000000) (1024K)]
  0x00000157aa79ae00 JavaThread "jar transforms"                    [_thread_blocked, id=27688, stack(0x0000004237000000,0x0000004237100000) (1024K)]
  0x00000157aa79b490 JavaThread "jar transforms Thread 2"           [_thread_blocked, id=10296, stack(0x0000004237100000,0x0000004237200000) (1024K)]
  0x00000157aa79c840 JavaThread "Unconstrained build operations"        [_thread_blocked, id=28540, stack(0x0000004237300000,0x0000004237400000) (1024K)]
  0x00000157aa79e280 JavaThread "Unconstrained build operations Thread 2"        [_thread_blocked, id=12164, stack(0x0000004237400000,0x0000004237500000) (1024K)]
  0x00000157aa79ced0 JavaThread "Unconstrained build operations Thread 3"        [_thread_blocked, id=29124, stack(0x0000004237500000,0x0000004237600000) (1024K)]
  0x00000157aa79dbf0 JavaThread "Unconstrained build operations Thread 4"        [_thread_blocked, id=8072, stack(0x0000004237600000,0x0000004237700000) (1024K)]
  0x00000157acf038c0 JavaThread "Unconstrained build operations Thread 5"        [_thread_blocked, id=8572, stack(0x0000004237700000,0x0000004237800000) (1024K)]
  0x00000157acf017f0 JavaThread "Unconstrained build operations Thread 6"        [_thread_blocked, id=21344, stack(0x0000004237800000,0x0000004237900000) (1024K)]
  0x00000157acf00440 JavaThread "Unconstrained build operations Thread 7"        [_thread_blocked, id=29796, stack(0x0000004237900000,0x0000004237a00000) (1024K)]
  0x00000157acf03f50 JavaThread "Unconstrained build operations Thread 8"        [_thread_blocked, id=648, stack(0x0000004237a00000,0x0000004237b00000) (1024K)]
  0x00000157acf02510 JavaThread "Unconstrained build operations Thread 9"        [_thread_blocked, id=1708, stack(0x0000004237b00000,0x0000004237c00000) (1024K)]
  0x00000157acf00ad0 JavaThread "Unconstrained build operations Thread 10"        [_thread_blocked, id=30840, stack(0x0000004237c00000,0x0000004237d00000) (1024K)]
  0x00000157acf01160 JavaThread "Unconstrained build operations Thread 11"        [_thread_blocked, id=22020, stack(0x0000004237d00000,0x0000004237e00000) (1024K)]
  0x00000157acf03230 JavaThread "Unconstrained build operations Thread 12"        [_thread_blocked, id=9708, stack(0x0000004237e00000,0x0000004237f00000) (1024K)]
  0x00000157acf04c70 JavaThread "Unconstrained build operations Thread 13"        [_thread_blocked, id=30256, stack(0x0000004237f00000,0x0000004238000000) (1024K)]
  0x00000157acf01e80 JavaThread "Unconstrained build operations Thread 14"        [_thread_blocked, id=29904, stack(0x0000004238000000,0x0000004238100000) (1024K)]
  0x00000157acf06020 JavaThread "Unconstrained build operations Thread 15"        [_thread_in_native, id=28784, stack(0x0000004238100000,0x0000004238200000) (1024K)]
  0x00000157acf045e0 JavaThread "Unconstrained build operations Thread 16"        [_thread_in_native, id=30284, stack(0x0000004238200000,0x0000004238300000) (1024K)]
  0x00000157acf05300 JavaThread "Unconstrained build operations Thread 17"        [_thread_in_native, id=22932, stack(0x0000004238300000,0x0000004238400000) (1024K)]
  0x00000157acf05990 JavaThread "Unconstrained build operations Thread 18"        [_thread_in_native, id=28612, stack(0x0000004238400000,0x0000004238500000) (1024K)]
  0x00000157acf02ba0 JavaThread "Unconstrained build operations Thread 19"        [_thread_in_native, id=26632, stack(0x0000004238500000,0x0000004238600000) (1024K)]
  0x00000157acf06d40 JavaThread "Unconstrained build operations Thread 20"        [_thread_in_native, id=1836, stack(0x0000004238600000,0x0000004238700000) (1024K)]
  0x00000157acf066b0 JavaThread "Unconstrained build operations Thread 21"        [_thread_in_native, id=11412, stack(0x0000004238700000,0x0000004238800000) (1024K)]
Total: 55

Other Threads:
  0x00000157ff3872e0 VMThread "VM Thread"                           [id=11896, stack(0x0000004234800000,0x0000004234900000) (1024K)]
  0x00000157ff36c900 WatcherThread "VM Periodic Task Thread"        [id=25832, stack(0x0000004234700000,0x0000004234800000) (1024K)]
  0x00000157fa9dce20 WorkerThread "GC Thread#0"                     [id=28548, stack(0x0000004234200000,0x0000004234300000) (1024K)]
  0x00000157ffdb1650 WorkerThread "GC Thread#1"                     [id=28400, stack(0x0000004235300000,0x0000004235400000) (1024K)]
  0x00000157ff855c00 WorkerThread "GC Thread#2"                     [id=12096, stack(0x0000004235400000,0x0000004235500000) (1024K)]
  0x00000157ffacbaa0 WorkerThread "GC Thread#3"                     [id=12496, stack(0x0000004235500000,0x0000004235600000) (1024K)]
  0x00000157ffacbe50 WorkerThread "GC Thread#4"                     [id=8300, stack(0x0000004235600000,0x0000004235700000) (1024K)]
  0x00000157ffacc200 WorkerThread "GC Thread#5"                     [id=6160, stack(0x0000004235700000,0x0000004235800000) (1024K)]
  0x00000157ab6cb130 WorkerThread "GC Thread#6"                     [id=2412, stack(0x0000004236500000,0x0000004236600000) (1024K)]
  0x00000157ab7eae80 WorkerThread "GC Thread#7"                     [id=29340, stack(0x0000004236600000,0x0000004236700000) (1024K)]
  0x00000157fa9e3b50 ConcurrentGCThread "G1 Main Marker"            [id=28192, stack(0x0000004234300000,0x0000004234400000) (1024K)]
  0x00000157fa9e4570 WorkerThread "G1 Conc#0"                       [id=14660, stack(0x0000004234400000,0x0000004234500000) (1024K)]
  0x00000157ab7ede70 WorkerThread "G1 Conc#1"                       [id=21800, stack(0x0000004236700000,0x0000004236800000) (1024K)]
  0x00000157ff23c6f0 ConcurrentGCThread "G1 Refine#0"               [id=31200, stack(0x0000004234500000,0x0000004234600000) (1024K)]
  0x00000157ff23e030 ConcurrentGCThread "G1 Service"                [id=22844, stack(0x0000004234600000,0x0000004234700000) (1024K)]
Total: 15

Threads with active compile tasks:
C2 CompilerThread0  40139 6946       4       sun.nio.fs.WindowsPathParser::normalize (233 bytes)
Total: 1

VM state: not at safepoint (normal execution)

VM Mutex/Monitor currently owned by a thread: None

Heap address: 0x00000000e0000000, size: 512 MB, Compressed Oops mode: 32-bit

CDS archive(s) mapped at: [0x0000015791000000-0x0000015791ba0000-0x0000015791ba0000), size 12189696, SharedBaseAddress: 0x0000015791000000, ArchiveRelocationMode: 1.
Compressed class space mapped at: 0x0000015792000000-0x00000157a6000000, reserved size: 335544320
Narrow klass base: 0x0000015791000000, Narrow klass shift: 0, Narrow klass range: 0x100000000

GC Precious Log:
 CardTable entry size: 512
 Card Set container configuration: InlinePtr #cards 5 size 8 Array Of Cards #cards 12 size 40 Howl #buckets 4 coarsen threshold 1843 Howl Bitmap #cards 512 size 80 coarsen threshold 460 Card regions per heap region 1 cards per card region 2048
 CPUs: 8 total, 8 available
 Memory: 7834M
 Large Page Support: Disabled
 NUMA Support: Disabled
 Compressed Oops: Enabled (32-bit)
 Heap Region Size: 1M
 Heap Min Capacity: 256M
 Heap Initial Capacity: 256M
 Heap Max Capacity: 512M
 Pre-touch: Disabled
 Parallel Workers: 8
 Concurrent Workers: 2
 Concurrent Refinement Workers: 8
 Periodic GC: Disabled

Heap:
 garbage-first heap   total 262144K, used 87370K [0x00000000e0000000, 0x0000000100000000)
  region size 1024K, 63 young (64512K), 17 survivors (17408K)
 Metaspace       used 55584K, committed 57152K, reserved 393216K
  class space    used 7999K, committed 8768K, reserved 327680K

Heap Regions: E=young(eden), S=young(survivor), O=old, HS=humongous(starts), HC=humongous(continues), CS=collection set, F=free, TAMS=top-at-mark-start, PB=parsable bottom
|   0|0x00000000e0000000, 0x00000000e0100000, 0x00000000e0100000|100%|HS|  |TAMS 0x00000000e0000000| PB 0x00000000e0000000| Complete 
|   1|0x00000000e0100000, 0x00000000e0200000, 0x00000000e0200000|100%|HC|  |TAMS 0x00000000e0100000| PB 0x00000000e0100000| Complete 
|   2|0x00000000e0200000, 0x00000000e0300000, 0x00000000e0300000|100%|HC|  |TAMS 0x00000000e0200000| PB 0x00000000e0200000| Complete 
|   3|0x00000000e0300000, 0x00000000e0400000, 0x00000000e0400000|100%|HC|  |TAMS 0x00000000e0300000| PB 0x00000000e0300000| Complete 
|   4|0x00000000e0400000, 0x00000000e0500000, 0x00000000e0500000|100%| O|  |TAMS 0x00000000e0400000| PB 0x00000000e0400000| Untracked 
|   5|0x00000000e0500000, 0x00000000e0600000, 0x00000000e0600000|100%| O|  |TAMS 0x00000000e0500000| PB 0x00000000e0500000| Untracked 
|   6|0x00000000e0600000, 0x00000000e0700000, 0x00000000e0700000|100%| O|  |TAMS 0x00000000e0600000| PB 0x00000000e0600000| Untracked 
|   7|0x00000000e0700000, 0x00000000e0800000, 0x00000000e0800000|100%| O|  |TAMS 0x00000000e0700000| PB 0x00000000e0700000| Untracked 
|   8|0x00000000e0800000, 0x00000000e0800000, 0x00000000e0900000|  0%| F|  |TAMS 0x00000000e0800000| PB 0x00000000e0800000| Untracked 
|   9|0x00000000e0900000, 0x00000000e0a00000, 0x00000000e0a00000|100%| O|  |TAMS 0x00000000e0900000| PB 0x00000000e0900000| Untracked 
|  10|0x00000000e0a00000, 0x00000000e0b00000, 0x00000000e0b00000|100%| O|  |TAMS 0x00000000e0a00000| PB 0x00000000e0a00000| Untracked 
|  11|0x00000000e0b00000, 0x00000000e0c00000, 0x00000000e0c00000|100%|HS|  |TAMS 0x00000000e0b00000| PB 0x00000000e0b00000| Complete 
|  12|0x00000000e0c00000, 0x00000000e0d00000, 0x00000000e0d00000|100%| O|  |TAMS 0x00000000e0c00000| PB 0x00000000e0c00000| Untracked 
|  13|0x00000000e0d00000, 0x00000000e0e00000, 0x00000000e0e00000|100%| O|  |TAMS 0x00000000e0d00000| PB 0x00000000e0d00000| Untracked 
|  14|0x00000000e0e00000, 0x00000000e0f00000, 0x00000000e0f00000|100%| O|  |TAMS 0x00000000e0e00000| PB 0x00000000e0e00000| Untracked 
|  15|0x00000000e0f00000, 0x00000000e1000000, 0x00000000e1000000|100%| O|  |TAMS 0x00000000e0f00000| PB 0x00000000e0f00000| Untracked 
|  16|0x00000000e1000000, 0x00000000e1100000, 0x00000000e1100000|100%| O|  |TAMS 0x00000000e1000000| PB 0x00000000e1000000| Untracked 
|  17|0x00000000e1100000, 0x00000000e1200000, 0x00000000e1200000|100%| O|  |TAMS 0x00000000e1100000| PB 0x00000000e1100000| Untracked 
|  18|0x00000000e1200000, 0x00000000e1300000, 0x00000000e1300000|100%| O|  |TAMS 0x00000000e1200000| PB 0x00000000e1200000| Untracked 
|  19|0x00000000e1300000, 0x00000000e1400000, 0x00000000e1400000|100%| O|  |TAMS 0x00000000e1300000| PB 0x00000000e1300000| Untracked 
|  20|0x00000000e1400000, 0x00000000e1500000, 0x00000000e1500000|100%| O|  |TAMS 0x00000000e1400000| PB 0x00000000e1400000| Untracked 
|  21|0x00000000e1500000, 0x00000000e1600000, 0x00000000e1600000|100%| O|  |TAMS 0x00000000e1500000| PB 0x00000000e1500000| Untracked 
|  22|0x00000000e1600000, 0x00000000e1700000, 0x00000000e1700000|100%| O|  |TAMS 0x00000000e1600000| PB 0x00000000e1600000| Untracked 
|  23|0x00000000e1700000, 0x00000000e1800000, 0x00000000e1800000|100%| O|Cm|TAMS 0x00000000e1700000| PB 0x00000000e1700000| Complete 
|  24|0x00000000e1800000, 0x00000000e1900000, 0x00000000e1900000|100%| O|  |TAMS 0x00000000e1800000| PB 0x00000000e1800000| Untracked 
|  25|0x00000000e1900000, 0x00000000e19dc818, 0x00000000e1a00000| 86%| O|  |TAMS 0x00000000e1900000| PB 0x00000000e1900000| Untracked 
|  26|0x00000000e1a00000, 0x00000000e1a00000, 0x00000000e1b00000|  0%| F|  |TAMS 0x00000000e1a00000| PB 0x00000000e1a00000| Untracked 
|  27|0x00000000e1b00000, 0x00000000e1b00000, 0x00000000e1c00000|  0%| F|  |TAMS 0x00000000e1b00000| PB 0x00000000e1b00000| Untracked 
|  28|0x00000000e1c00000, 0x00000000e1c00000, 0x00000000e1d00000|  0%| F|  |TAMS 0x00000000e1c00000| PB 0x00000000e1c00000| Untracked 
|  29|0x00000000e1d00000, 0x00000000e1d00000, 0x00000000e1e00000|  0%| F|  |TAMS 0x00000000e1d00000| PB 0x00000000e1d00000| Untracked 
|  30|0x00000000e1e00000, 0x00000000e1e00000, 0x00000000e1f00000|  0%| F|  |TAMS 0x00000000e1e00000| PB 0x00000000e1e00000| Untracked 
|  31|0x00000000e1f00000, 0x00000000e1f00000, 0x00000000e2000000|  0%| F|  |TAMS 0x00000000e1f00000| PB 0x00000000e1f00000| Untracked 
|  32|0x00000000e2000000, 0x00000000e2000000, 0x00000000e2100000|  0%| F|  |TAMS 0x00000000e2000000| PB 0x00000000e2000000| Untracked 
|  33|0x00000000e2100000, 0x00000000e2100000, 0x00000000e2200000|  0%| F|  |TAMS 0x00000000e2100000| PB 0x00000000e2100000| Untracked 
|  34|0x00000000e2200000, 0x00000000e2200000, 0x00000000e2300000|  0%| F|  |TAMS 0x00000000e2200000| PB 0x00000000e2200000| Untracked 
|  35|0x00000000e2300000, 0x00000000e2300000, 0x00000000e2400000|  0%| F|  |TAMS 0x00000000e2300000| PB 0x00000000e2300000| Untracked 
|  36|0x00000000e2400000, 0x00000000e2400000, 0x00000000e2500000|  0%| F|  |TAMS 0x00000000e2400000| PB 0x00000000e2400000| Untracked 
|  37|0x00000000e2500000, 0x00000000e2500000, 0x00000000e2600000|  0%| F|  |TAMS 0x00000000e2500000| PB 0x00000000e2500000| Untracked 
|  38|0x00000000e2600000, 0x00000000e2600000, 0x00000000e2700000|  0%| F|  |TAMS 0x00000000e2600000| PB 0x00000000e2600000| Untracked 
|  39|0x00000000e2700000, 0x00000000e2700000, 0x00000000e2800000|  0%| F|  |TAMS 0x00000000e2700000| PB 0x00000000e2700000| Untracked 
|  40|0x00000000e2800000, 0x00000000e2800000, 0x00000000e2900000|  0%| F|  |TAMS 0x00000000e2800000| PB 0x00000000e2800000| Untracked 
|  41|0x00000000e2900000, 0x00000000e2900000, 0x00000000e2a00000|  0%| F|  |TAMS 0x00000000e2900000| PB 0x00000000e2900000| Untracked 
|  42|0x00000000e2a00000, 0x00000000e2a00000, 0x00000000e2b00000|  0%| F|  |TAMS 0x00000000e2a00000| PB 0x00000000e2a00000| Untracked 
|  43|0x00000000e2b00000, 0x00000000e2b00000, 0x00000000e2c00000|  0%| F|  |TAMS 0x00000000e2b00000| PB 0x00000000e2b00000| Untracked 
|  44|0x00000000e2c00000, 0x00000000e2c00000, 0x00000000e2d00000|  0%| F|  |TAMS 0x00000000e2c00000| PB 0x00000000e2c00000| Untracked 
|  45|0x00000000e2d00000, 0x00000000e2d00000, 0x00000000e2e00000|  0%| F|  |TAMS 0x00000000e2d00000| PB 0x00000000e2d00000| Untracked 
|  46|0x00000000e2e00000, 0x00000000e2e00000, 0x00000000e2f00000|  0%| F|  |TAMS 0x00000000e2e00000| PB 0x00000000e2e00000| Untracked 
|  47|0x00000000e2f00000, 0x00000000e2f00000, 0x00000000e3000000|  0%| F|  |TAMS 0x00000000e2f00000| PB 0x00000000e2f00000| Untracked 
|  48|0x00000000e3000000, 0x00000000e3000000, 0x00000000e3100000|  0%| F|  |TAMS 0x00000000e3000000| PB 0x00000000e3000000| Untracked 
|  49|0x00000000e3100000, 0x00000000e3100000, 0x00000000e3200000|  0%| F|  |TAMS 0x00000000e3100000| PB 0x00000000e3100000| Untracked 
|  50|0x00000000e3200000, 0x00000000e3200000, 0x00000000e3300000|  0%| F|  |TAMS 0x00000000e3200000| PB 0x00000000e3200000| Untracked 
|  51|0x00000000e3300000, 0x00000000e3300000, 0x00000000e3400000|  0%| F|  |TAMS 0x00000000e3300000| PB 0x00000000e3300000| Untracked 
|  52|0x00000000e3400000, 0x00000000e3400000, 0x00000000e3500000|  0%| F|  |TAMS 0x00000000e3400000| PB 0x00000000e3400000| Untracked 
|  53|0x00000000e3500000, 0x00000000e3500000, 0x00000000e3600000|  0%| F|  |TAMS 0x00000000e3500000| PB 0x00000000e3500000| Untracked 
|  54|0x00000000e3600000, 0x00000000e3600000, 0x00000000e3700000|  0%| F|  |TAMS 0x00000000e3600000| PB 0x00000000e3600000| Untracked 
|  55|0x00000000e3700000, 0x00000000e3700000, 0x00000000e3800000|  0%| F|  |TAMS 0x00000000e3700000| PB 0x00000000e3700000| Untracked 
|  56|0x00000000e3800000, 0x00000000e3800000, 0x00000000e3900000|  0%| F|  |TAMS 0x00000000e3800000| PB 0x00000000e3800000| Untracked 
|  57|0x00000000e3900000, 0x00000000e3900000, 0x00000000e3a00000|  0%| F|  |TAMS 0x00000000e3900000| PB 0x00000000e3900000| Untracked 
|  58|0x00000000e3a00000, 0x00000000e3a00000, 0x00000000e3b00000|  0%| F|  |TAMS 0x00000000e3a00000| PB 0x00000000e3a00000| Untracked 
|  59|0x00000000e3b00000, 0x00000000e3b00000, 0x00000000e3c00000|  0%| F|  |TAMS 0x00000000e3b00000| PB 0x00000000e3b00000| Untracked 
|  60|0x00000000e3c00000, 0x00000000e3c00000, 0x00000000e3d00000|  0%| F|  |TAMS 0x00000000e3c00000| PB 0x00000000e3c00000| Untracked 
|  61|0x00000000e3d00000, 0x00000000e3d00000, 0x00000000e3e00000|  0%| F|  |TAMS 0x00000000e3d00000| PB 0x00000000e3d00000| Untracked 
|  62|0x00000000e3e00000, 0x00000000e3e00000, 0x00000000e3f00000|  0%| F|  |TAMS 0x00000000e3e00000| PB 0x00000000e3e00000| Untracked 
|  63|0x00000000e3f00000, 0x00000000e3f00000, 0x00000000e4000000|  0%| F|  |TAMS 0x00000000e3f00000| PB 0x00000000e3f00000| Untracked 
|  64|0x00000000e4000000, 0x00000000e4000000, 0x00000000e4100000|  0%| F|  |TAMS 0x00000000e4000000| PB 0x00000000e4000000| Untracked 
|  65|0x00000000e4100000, 0x00000000e4100000, 0x00000000e4200000|  0%| F|  |TAMS 0x00000000e4100000| PB 0x00000000e4100000| Untracked 
|  66|0x00000000e4200000, 0x00000000e4200000, 0x00000000e4300000|  0%| F|  |TAMS 0x00000000e4200000| PB 0x00000000e4200000| Untracked 
|  67|0x00000000e4300000, 0x00000000e4300000, 0x00000000e4400000|  0%| F|  |TAMS 0x00000000e4300000| PB 0x00000000e4300000| Untracked 
|  68|0x00000000e4400000, 0x00000000e4400000, 0x00000000e4500000|  0%| F|  |TAMS 0x00000000e4400000| PB 0x00000000e4400000| Untracked 
|  69|0x00000000e4500000, 0x00000000e4500000, 0x00000000e4600000|  0%| F|  |TAMS 0x00000000e4500000| PB 0x00000000e4500000| Untracked 
|  70|0x00000000e4600000, 0x00000000e4600000, 0x00000000e4700000|  0%| F|  |TAMS 0x00000000e4600000| PB 0x00000000e4600000| Untracked 
|  71|0x00000000e4700000, 0x00000000e4700000, 0x00000000e4800000|  0%| F|  |TAMS 0x00000000e4700000| PB 0x00000000e4700000| Untracked 
|  72|0x00000000e4800000, 0x00000000e4800000, 0x00000000e4900000|  0%| F|  |TAMS 0x00000000e4800000| PB 0x00000000e4800000| Untracked 
|  73|0x00000000e4900000, 0x00000000e4900000, 0x00000000e4a00000|  0%| F|  |TAMS 0x00000000e4900000| PB 0x00000000e4900000| Untracked 
|  74|0x00000000e4a00000, 0x00000000e4a00000, 0x00000000e4b00000|  0%| F|  |TAMS 0x00000000e4a00000| PB 0x00000000e4a00000| Untracked 
|  75|0x00000000e4b00000, 0x00000000e4b00000, 0x00000000e4c00000|  0%| F|  |TAMS 0x00000000e4b00000| PB 0x00000000e4b00000| Untracked 
|  76|0x00000000e4c00000, 0x00000000e4c00000, 0x00000000e4d00000|  0%| F|  |TAMS 0x00000000e4c00000| PB 0x00000000e4c00000| Untracked 
|  77|0x00000000e4d00000, 0x00000000e4d00000, 0x00000000e4e00000|  0%| F|  |TAMS 0x00000000e4d00000| PB 0x00000000e4d00000| Untracked 
|  78|0x00000000e4e00000, 0x00000000e4e00000, 0x00000000e4f00000|  0%| F|  |TAMS 0x00000000e4e00000| PB 0x00000000e4e00000| Untracked 
|  79|0x00000000e4f00000, 0x00000000e4f00000, 0x00000000e5000000|  0%| F|  |TAMS 0x00000000e4f00000| PB 0x00000000e4f00000| Untracked 
|  80|0x00000000e5000000, 0x00000000e5000000, 0x00000000e5100000|  0%| F|  |TAMS 0x00000000e5000000| PB 0x00000000e5000000| Untracked 
|  81|0x00000000e5100000, 0x00000000e5100000, 0x00000000e5200000|  0%| F|  |TAMS 0x00000000e5100000| PB 0x00000000e5100000| Untracked 
|  82|0x00000000e5200000, 0x00000000e5200000, 0x00000000e5300000|  0%| F|  |TAMS 0x00000000e5200000| PB 0x00000000e5200000| Untracked 
|  83|0x00000000e5300000, 0x00000000e5300000, 0x00000000e5400000|  0%| F|  |TAMS 0x00000000e5300000| PB 0x00000000e5300000| Untracked 
|  84|0x00000000e5400000, 0x00000000e5400000, 0x00000000e5500000|  0%| F|  |TAMS 0x00000000e5400000| PB 0x00000000e5400000| Untracked 
|  85|0x00000000e5500000, 0x00000000e5500000, 0x00000000e5600000|  0%| F|  |TAMS 0x00000000e5500000| PB 0x00000000e5500000| Untracked 
|  86|0x00000000e5600000, 0x00000000e5676190, 0x00000000e5700000| 46%| S|CS|TAMS 0x00000000e5600000| PB 0x00000000e5600000| Complete 
|  87|0x00000000e5700000, 0x00000000e5800000, 0x00000000e5800000|100%| S|CS|TAMS 0x00000000e5700000| PB 0x00000000e5700000| Complete 
|  88|0x00000000e5800000, 0x00000000e5900000, 0x00000000e5900000|100%| S|CS|TAMS 0x00000000e5800000| PB 0x00000000e5800000| Complete 
|  89|0x00000000e5900000, 0x00000000e5a00000, 0x00000000e5a00000|100%| S|CS|TAMS 0x00000000e5900000| PB 0x00000000e5900000| Complete 
|  90|0x00000000e5a00000, 0x00000000e5b00000, 0x00000000e5b00000|100%| S|CS|TAMS 0x00000000e5a00000| PB 0x00000000e5a00000| Complete 
|  91|0x00000000e5b00000, 0x00000000e5c00000, 0x00000000e5c00000|100%| S|CS|TAMS 0x00000000e5b00000| PB 0x00000000e5b00000| Complete 
|  92|0x00000000e5c00000, 0x00000000e5d00000, 0x00000000e5d00000|100%| S|CS|TAMS 0x00000000e5c00000| PB 0x00000000e5c00000| Complete 
|  93|0x00000000e5d00000, 0x00000000e5e00000, 0x00000000e5e00000|100%| S|CS|TAMS 0x00000000e5d00000| PB 0x00000000e5d00000| Complete 
|  94|0x00000000e5e00000, 0x00000000e5f00000, 0x00000000e5f00000|100%| S|CS|TAMS 0x00000000e5e00000| PB 0x00000000e5e00000| Complete 
|  95|0x00000000e5f00000, 0x00000000e6000000, 0x00000000e6000000|100%| S|CS|TAMS 0x00000000e5f00000| PB 0x00000000e5f00000| Complete 
|  96|0x00000000e6000000, 0x00000000e6100000, 0x00000000e6100000|100%| S|CS|TAMS 0x00000000e6000000| PB 0x00000000e6000000| Complete 
|  97|0x00000000e6100000, 0x00000000e6200000, 0x00000000e6200000|100%| S|CS|TAMS 0x00000000e6100000| PB 0x00000000e6100000| Complete 
|  98|0x00000000e6200000, 0x00000000e6300000, 0x00000000e6300000|100%| S|CS|TAMS 0x00000000e6200000| PB 0x00000000e6200000| Complete 
|  99|0x00000000e6300000, 0x00000000e6400000, 0x00000000e6400000|100%| S|CS|TAMS 0x00000000e6300000| PB 0x00000000e6300000| Complete 
| 100|0x00000000e6400000, 0x00000000e6500000, 0x00000000e6500000|100%| S|CS|TAMS 0x00000000e6400000| PB 0x00000000e6400000| Complete 
| 101|0x00000000e6500000, 0x00000000e6600000, 0x00000000e6600000|100%| S|CS|TAMS 0x00000000e6500000| PB 0x00000000e6500000| Complete 
| 102|0x00000000e6600000, 0x00000000e6700000, 0x00000000e6700000|100%| S|CS|TAMS 0x00000000e6600000| PB 0x00000000e6600000| Complete 
| 103|0x00000000e6700000, 0x00000000e6700000, 0x00000000e6800000|  0%| F|  |TAMS 0x00000000e6700000| PB 0x00000000e6700000| Untracked 
| 104|0x00000000e6800000, 0x00000000e6800000, 0x00000000e6900000|  0%| F|  |TAMS 0x00000000e6800000| PB 0x00000000e6800000| Untracked 
| 105|0x00000000e6900000, 0x00000000e6900000, 0x00000000e6a00000|  0%| F|  |TAMS 0x00000000e6900000| PB 0x00000000e6900000| Untracked 
| 106|0x00000000e6a00000, 0x00000000e6a00000, 0x00000000e6b00000|  0%| F|  |TAMS 0x00000000e6a00000| PB 0x00000000e6a00000| Untracked 
| 107|0x00000000e6b00000, 0x00000000e6b00000, 0x00000000e6c00000|  0%| F|  |TAMS 0x00000000e6b00000| PB 0x00000000e6b00000| Untracked 
| 108|0x00000000e6c00000, 0x00000000e6c00000, 0x00000000e6d00000|  0%| F|  |TAMS 0x00000000e6c00000| PB 0x00000000e6c00000| Untracked 
| 109|0x00000000e6d00000, 0x00000000e6d00000, 0x00000000e6e00000|  0%| F|  |TAMS 0x00000000e6d00000| PB 0x00000000e6d00000| Untracked 
| 110|0x00000000e6e00000, 0x00000000e6e00000, 0x00000000e6f00000|  0%| F|  |TAMS 0x00000000e6e00000| PB 0x00000000e6e00000| Untracked 
| 111|0x00000000e6f00000, 0x00000000e6f00000, 0x00000000e7000000|  0%| F|  |TAMS 0x00000000e6f00000| PB 0x00000000e6f00000| Untracked 
| 112|0x00000000e7000000, 0x00000000e7000000, 0x00000000e7100000|  0%| F|  |TAMS 0x00000000e7000000| PB 0x00000000e7000000| Untracked 
| 113|0x00000000e7100000, 0x00000000e7100000, 0x00000000e7200000|  0%| F|  |TAMS 0x00000000e7100000| PB 0x00000000e7100000| Untracked 
| 114|0x00000000e7200000, 0x00000000e7200000, 0x00000000e7300000|  0%| F|  |TAMS 0x00000000e7200000| PB 0x00000000e7200000| Untracked 
| 115|0x00000000e7300000, 0x00000000e7300000, 0x00000000e7400000|  0%| F|  |TAMS 0x00000000e7300000| PB 0x00000000e7300000| Untracked 
| 116|0x00000000e7400000, 0x00000000e7400000, 0x00000000e7500000|  0%| F|  |TAMS 0x00000000e7400000| PB 0x00000000e7400000| Untracked 
| 117|0x00000000e7500000, 0x00000000e7500000, 0x00000000e7600000|  0%| F|  |TAMS 0x00000000e7500000| PB 0x00000000e7500000| Untracked 
| 118|0x00000000e7600000, 0x00000000e7600000, 0x00000000e7700000|  0%| F|  |TAMS 0x00000000e7600000| PB 0x00000000e7600000| Untracked 
| 119|0x00000000e7700000, 0x00000000e7700000, 0x00000000e7800000|  0%| F|  |TAMS 0x00000000e7700000| PB 0x00000000e7700000| Untracked 
| 120|0x00000000e7800000, 0x00000000e7800000, 0x00000000e7900000|  0%| F|  |TAMS 0x00000000e7800000| PB 0x00000000e7800000| Untracked 
| 121|0x00000000e7900000, 0x00000000e7900000, 0x00000000e7a00000|  0%| F|  |TAMS 0x00000000e7900000| PB 0x00000000e7900000| Untracked 
| 122|0x00000000e7a00000, 0x00000000e7a00000, 0x00000000e7b00000|  0%| F|  |TAMS 0x00000000e7a00000| PB 0x00000000e7a00000| Untracked 
| 123|0x00000000e7b00000, 0x00000000e7b00000, 0x00000000e7c00000|  0%| F|  |TAMS 0x00000000e7b00000| PB 0x00000000e7b00000| Untracked 
| 124|0x00000000e7c00000, 0x00000000e7c00000, 0x00000000e7d00000|  0%| F|  |TAMS 0x00000000e7c00000| PB 0x00000000e7c00000| Untracked 
| 125|0x00000000e7d00000, 0x00000000e7d00000, 0x00000000e7e00000|  0%| F|  |TAMS 0x00000000e7d00000| PB 0x00000000e7d00000| Untracked 
| 126|0x00000000e7e00000, 0x00000000e7e00000, 0x00000000e7f00000|  0%| F|  |TAMS 0x00000000e7e00000| PB 0x00000000e7e00000| Untracked 
| 127|0x00000000e7f00000, 0x00000000e7f00000, 0x00000000e8000000|  0%| F|  |TAMS 0x00000000e7f00000| PB 0x00000000e7f00000| Untracked 
| 128|0x00000000e8000000, 0x00000000e8000000, 0x00000000e8100000|  0%| F|  |TAMS 0x00000000e8000000| PB 0x00000000e8000000| Untracked 
| 129|0x00000000e8100000, 0x00000000e8100000, 0x00000000e8200000|  0%| F|  |TAMS 0x00000000e8100000| PB 0x00000000e8100000| Untracked 
| 130|0x00000000e8200000, 0x00000000e8200000, 0x00000000e8300000|  0%| F|  |TAMS 0x00000000e8200000| PB 0x00000000e8200000| Untracked 
| 131|0x00000000e8300000, 0x00000000e8300000, 0x00000000e8400000|  0%| F|  |TAMS 0x00000000e8300000| PB 0x00000000e8300000| Untracked 
| 132|0x00000000e8400000, 0x00000000e8400000, 0x00000000e8500000|  0%| F|  |TAMS 0x00000000e8400000| PB 0x00000000e8400000| Untracked 
| 133|0x00000000e8500000, 0x00000000e8500000, 0x00000000e8600000|  0%| F|  |TAMS 0x00000000e8500000| PB 0x00000000e8500000| Untracked 
| 134|0x00000000e8600000, 0x00000000e8600000, 0x00000000e8700000|  0%| F|  |TAMS 0x00000000e8600000| PB 0x00000000e8600000| Untracked 
| 135|0x00000000e8700000, 0x00000000e8700000, 0x00000000e8800000|  0%| F|  |TAMS 0x00000000e8700000| PB 0x00000000e8700000| Untracked 
| 136|0x00000000e8800000, 0x00000000e8800000, 0x00000000e8900000|  0%| F|  |TAMS 0x00000000e8800000| PB 0x00000000e8800000| Untracked 
| 137|0x00000000e8900000, 0x00000000e8900000, 0x00000000e8a00000|  0%| F|  |TAMS 0x00000000e8900000| PB 0x00000000e8900000| Untracked 
| 138|0x00000000e8a00000, 0x00000000e8a00000, 0x00000000e8b00000|  0%| F|  |TAMS 0x00000000e8a00000| PB 0x00000000e8a00000| Untracked 
| 139|0x00000000e8b00000, 0x00000000e8b00000, 0x00000000e8c00000|  0%| F|  |TAMS 0x00000000e8b00000| PB 0x00000000e8b00000| Untracked 
| 140|0x00000000e8c00000, 0x00000000e8c00000, 0x00000000e8d00000|  0%| F|  |TAMS 0x00000000e8c00000| PB 0x00000000e8c00000| Untracked 
| 141|0x00000000e8d00000, 0x00000000e8d00000, 0x00000000e8e00000|  0%| F|  |TAMS 0x00000000e8d00000| PB 0x00000000e8d00000| Untracked 
| 142|0x00000000e8e00000, 0x00000000e8e00000, 0x00000000e8f00000|  0%| F|  |TAMS 0x00000000e8e00000| PB 0x00000000e8e00000| Untracked 
| 143|0x00000000e8f00000, 0x00000000e8f00000, 0x00000000e9000000|  0%| F|  |TAMS 0x00000000e8f00000| PB 0x00000000e8f00000| Untracked 
| 144|0x00000000e9000000, 0x00000000e9000000, 0x00000000e9100000|  0%| F|  |TAMS 0x00000000e9000000| PB 0x00000000e9000000| Untracked 
| 145|0x00000000e9100000, 0x00000000e9100000, 0x00000000e9200000|  0%| F|  |TAMS 0x00000000e9100000| PB 0x00000000e9100000| Untracked 
| 146|0x00000000e9200000, 0x00000000e9200000, 0x00000000e9300000|  0%| F|  |TAMS 0x00000000e9200000| PB 0x00000000e9200000| Untracked 
| 147|0x00000000e9300000, 0x00000000e9300000, 0x00000000e9400000|  0%| F|  |TAMS 0x00000000e9300000| PB 0x00000000e9300000| Untracked 
| 148|0x00000000e9400000, 0x00000000e9400000, 0x00000000e9500000|  0%| F|  |TAMS 0x00000000e9400000| PB 0x00000000e9400000| Untracked 
| 149|0x00000000e9500000, 0x00000000e9500000, 0x00000000e9600000|  0%| F|  |TAMS 0x00000000e9500000| PB 0x00000000e9500000| Untracked 
| 150|0x00000000e9600000, 0x00000000e9600000, 0x00000000e9700000|  0%| F|  |TAMS 0x00000000e9600000| PB 0x00000000e9600000| Untracked 
| 151|0x00000000e9700000, 0x00000000e9700000, 0x00000000e9800000|  0%| F|  |TAMS 0x00000000e9700000| PB 0x00000000e9700000| Untracked 
| 152|0x00000000e9800000, 0x00000000e9800000, 0x00000000e9900000|  0%| F|  |TAMS 0x00000000e9800000| PB 0x00000000e9800000| Untracked 
| 153|0x00000000e9900000, 0x00000000e9900000, 0x00000000e9a00000|  0%| F|  |TAMS 0x00000000e9900000| PB 0x00000000e9900000| Untracked 
| 154|0x00000000e9a00000, 0x00000000e9a00000, 0x00000000e9b00000|  0%| F|  |TAMS 0x00000000e9a00000| PB 0x00000000e9a00000| Untracked 
| 155|0x00000000e9b00000, 0x00000000e9b00000, 0x00000000e9c00000|  0%| F|  |TAMS 0x00000000e9b00000| PB 0x00000000e9b00000| Untracked 
| 156|0x00000000e9c00000, 0x00000000e9c00000, 0x00000000e9d00000|  0%| F|  |TAMS 0x00000000e9c00000| PB 0x00000000e9c00000| Untracked 
| 157|0x00000000e9d00000, 0x00000000e9d00000, 0x00000000e9e00000|  0%| F|  |TAMS 0x00000000e9d00000| PB 0x00000000e9d00000| Untracked 
| 158|0x00000000e9e00000, 0x00000000e9e00000, 0x00000000e9f00000|  0%| F|  |TAMS 0x00000000e9e00000| PB 0x00000000e9e00000| Untracked 
| 159|0x00000000e9f00000, 0x00000000e9f00000, 0x00000000ea000000|  0%| F|  |TAMS 0x00000000e9f00000| PB 0x00000000e9f00000| Untracked 
| 160|0x00000000ea000000, 0x00000000ea000000, 0x00000000ea100000|  0%| F|  |TAMS 0x00000000ea000000| PB 0x00000000ea000000| Untracked 
| 161|0x00000000ea100000, 0x00000000ea100000, 0x00000000ea200000|  0%| F|  |TAMS 0x00000000ea100000| PB 0x00000000ea100000| Untracked 
| 162|0x00000000ea200000, 0x00000000ea200000, 0x00000000ea300000|  0%| F|  |TAMS 0x00000000ea200000| PB 0x00000000ea200000| Untracked 
| 163|0x00000000ea300000, 0x00000000ea300000, 0x00000000ea400000|  0%| F|  |TAMS 0x00000000ea300000| PB 0x00000000ea300000| Untracked 
| 164|0x00000000ea400000, 0x00000000ea400000, 0x00000000ea500000|  0%| F|  |TAMS 0x00000000ea400000| PB 0x00000000ea400000| Untracked 
| 165|0x00000000ea500000, 0x00000000ea500000, 0x00000000ea600000|  0%| F|  |TAMS 0x00000000ea500000| PB 0x00000000ea500000| Untracked 
| 166|0x00000000ea600000, 0x00000000ea600000, 0x00000000ea700000|  0%| F|  |TAMS 0x00000000ea600000| PB 0x00000000ea600000| Untracked 
| 167|0x00000000ea700000, 0x00000000ea700000, 0x00000000ea800000|  0%| F|  |TAMS 0x00000000ea700000| PB 0x00000000ea700000| Untracked 
| 168|0x00000000ea800000, 0x00000000ea800000, 0x00000000ea900000|  0%| F|  |TAMS 0x00000000ea800000| PB 0x00000000ea800000| Untracked 
| 169|0x00000000ea900000, 0x00000000ea900000, 0x00000000eaa00000|  0%| F|  |TAMS 0x00000000ea900000| PB 0x00000000ea900000| Untracked 
| 170|0x00000000eaa00000, 0x00000000eaa00000, 0x00000000eab00000|  0%| F|  |TAMS 0x00000000eaa00000| PB 0x00000000eaa00000| Untracked 
| 171|0x00000000eab00000, 0x00000000eab00000, 0x00000000eac00000|  0%| F|  |TAMS 0x00000000eab00000| PB 0x00000000eab00000| Untracked 
| 172|0x00000000eac00000, 0x00000000eac00000, 0x00000000ead00000|  0%| F|  |TAMS 0x00000000eac00000| PB 0x00000000eac00000| Untracked 
| 173|0x00000000ead00000, 0x00000000ead00000, 0x00000000eae00000|  0%| F|  |TAMS 0x00000000ead00000| PB 0x00000000ead00000| Untracked 
| 174|0x00000000eae00000, 0x00000000eae00000, 0x00000000eaf00000|  0%| F|  |TAMS 0x00000000eae00000| PB 0x00000000eae00000| Untracked 
| 175|0x00000000eaf00000, 0x00000000eaf00000, 0x00000000eb000000|  0%| F|  |TAMS 0x00000000eaf00000| PB 0x00000000eaf00000| Untracked 
| 176|0x00000000eb000000, 0x00000000eb000000, 0x00000000eb100000|  0%| F|  |TAMS 0x00000000eb000000| PB 0x00000000eb000000| Untracked 
| 177|0x00000000eb100000, 0x00000000eb100000, 0x00000000eb200000|  0%| F|  |TAMS 0x00000000eb100000| PB 0x00000000eb100000| Untracked 
| 178|0x00000000eb200000, 0x00000000eb200000, 0x00000000eb300000|  0%| F|  |TAMS 0x00000000eb200000| PB 0x00000000eb200000| Untracked 
| 179|0x00000000eb300000, 0x00000000eb300000, 0x00000000eb400000|  0%| F|  |TAMS 0x00000000eb300000| PB 0x00000000eb300000| Untracked 
| 180|0x00000000eb400000, 0x00000000eb400000, 0x00000000eb500000|  0%| F|  |TAMS 0x00000000eb400000| PB 0x00000000eb400000| Untracked 
| 181|0x00000000eb500000, 0x00000000eb500000, 0x00000000eb600000|  0%| F|  |TAMS 0x00000000eb500000| PB 0x00000000eb500000| Untracked 
| 182|0x00000000eb600000, 0x00000000eb600000, 0x00000000eb700000|  0%| F|  |TAMS 0x00000000eb600000| PB 0x00000000eb600000| Untracked 
| 183|0x00000000eb700000, 0x00000000eb700000, 0x00000000eb800000|  0%| F|  |TAMS 0x00000000eb700000| PB 0x00000000eb700000| Untracked 
| 184|0x00000000eb800000, 0x00000000eb800000, 0x00000000eb900000|  0%| F|  |TAMS 0x00000000eb800000| PB 0x00000000eb800000| Untracked 
| 185|0x00000000eb900000, 0x00000000eb900000, 0x00000000eba00000|  0%| F|  |TAMS 0x00000000eb900000| PB 0x00000000eb900000| Untracked 
| 186|0x00000000eba00000, 0x00000000eba00000, 0x00000000ebb00000|  0%| F|  |TAMS 0x00000000eba00000| PB 0x00000000eba00000| Untracked 
| 187|0x00000000ebb00000, 0x00000000ebb00000, 0x00000000ebc00000|  0%| F|  |TAMS 0x00000000ebb00000| PB 0x00000000ebb00000| Untracked 
| 188|0x00000000ebc00000, 0x00000000ebc00000, 0x00000000ebd00000|  0%| F|  |TAMS 0x00000000ebc00000| PB 0x00000000ebc00000| Untracked 
| 189|0x00000000ebd00000, 0x00000000ebd00000, 0x00000000ebe00000|  0%| F|  |TAMS 0x00000000ebd00000| PB 0x00000000ebd00000| Untracked 
| 190|0x00000000ebe00000, 0x00000000ebe00000, 0x00000000ebf00000|  0%| F|  |TAMS 0x00000000ebe00000| PB 0x00000000ebe00000| Untracked 
| 191|0x00000000ebf00000, 0x00000000ebf00000, 0x00000000ec000000|  0%| F|  |TAMS 0x00000000ebf00000| PB 0x00000000ebf00000| Untracked 
| 192|0x00000000ec000000, 0x00000000ec000000, 0x00000000ec100000|  0%| F|  |TAMS 0x00000000ec000000| PB 0x00000000ec000000| Untracked 
| 193|0x00000000ec100000, 0x00000000ec100000, 0x00000000ec200000|  0%| F|  |TAMS 0x00000000ec100000| PB 0x00000000ec100000| Untracked 
| 194|0x00000000ec200000, 0x00000000ec200000, 0x00000000ec300000|  0%| F|  |TAMS 0x00000000ec200000| PB 0x00000000ec200000| Untracked 
| 195|0x00000000ec300000, 0x00000000ec300000, 0x00000000ec400000|  0%| F|  |TAMS 0x00000000ec300000| PB 0x00000000ec300000| Untracked 
| 196|0x00000000ec400000, 0x00000000ec400000, 0x00000000ec500000|  0%| F|  |TAMS 0x00000000ec400000| PB 0x00000000ec400000| Untracked 
| 197|0x00000000ec500000, 0x00000000ec500000, 0x00000000ec600000|  0%| F|  |TAMS 0x00000000ec500000| PB 0x00000000ec500000| Untracked 
| 198|0x00000000ec600000, 0x00000000ec600000, 0x00000000ec700000|  0%| F|  |TAMS 0x00000000ec600000| PB 0x00000000ec600000| Untracked 
| 199|0x00000000ec700000, 0x00000000ec700000, 0x00000000ec800000|  0%| F|  |TAMS 0x00000000ec700000| PB 0x00000000ec700000| Untracked 
| 200|0x00000000ec800000, 0x00000000ec800000, 0x00000000ec900000|  0%| F|  |TAMS 0x00000000ec800000| PB 0x00000000ec800000| Untracked 
| 201|0x00000000ec900000, 0x00000000ec900000, 0x00000000eca00000|  0%| F|  |TAMS 0x00000000ec900000| PB 0x00000000ec900000| Untracked 
| 202|0x00000000eca00000, 0x00000000eca00000, 0x00000000ecb00000|  0%| F|  |TAMS 0x00000000eca00000| PB 0x00000000eca00000| Untracked 
| 203|0x00000000ecb00000, 0x00000000ecb00000, 0x00000000ecc00000|  0%| F|  |TAMS 0x00000000ecb00000| PB 0x00000000ecb00000| Untracked 
| 204|0x00000000ecc00000, 0x00000000ecc00000, 0x00000000ecd00000|  0%| F|  |TAMS 0x00000000ecc00000| PB 0x00000000ecc00000| Untracked 
| 205|0x00000000ecd00000, 0x00000000ecd00000, 0x00000000ece00000|  0%| F|  |TAMS 0x00000000ecd00000| PB 0x00000000ecd00000| Untracked 
| 206|0x00000000ece00000, 0x00000000ece00000, 0x00000000ecf00000|  0%| F|  |TAMS 0x00000000ece00000| PB 0x00000000ece00000| Untracked 
| 207|0x00000000ecf00000, 0x00000000ecf00000, 0x00000000ed000000|  0%| F|  |TAMS 0x00000000ecf00000| PB 0x00000000ecf00000| Untracked 
| 208|0x00000000ed000000, 0x00000000ed000000, 0x00000000ed100000|  0%| F|  |TAMS 0x00000000ed000000| PB 0x00000000ed000000| Untracked 
| 209|0x00000000ed100000, 0x00000000ed100000, 0x00000000ed200000|  0%| F|  |TAMS 0x00000000ed100000| PB 0x00000000ed100000| Untracked 
| 210|0x00000000ed200000, 0x00000000ed259dc8, 0x00000000ed300000| 35%| E|  |TAMS 0x00000000ed200000| PB 0x00000000ed200000| Complete 
| 211|0x00000000ed300000, 0x00000000ed400000, 0x00000000ed400000|100%| E|CS|TAMS 0x00000000ed300000| PB 0x00000000ed300000| Complete 
| 212|0x00000000ed400000, 0x00000000ed500000, 0x00000000ed500000|100%| E|CS|TAMS 0x00000000ed400000| PB 0x00000000ed400000| Complete 
| 213|0x00000000ed500000, 0x00000000ed600000, 0x00000000ed600000|100%| E|CS|TAMS 0x00000000ed500000| PB 0x00000000ed500000| Complete 
| 214|0x00000000ed600000, 0x00000000ed700000, 0x00000000ed700000|100%| E|CS|TAMS 0x00000000ed600000| PB 0x00000000ed600000| Complete 
| 215|0x00000000ed700000, 0x00000000ed800000, 0x00000000ed800000|100%| E|CS|TAMS 0x00000000ed700000| PB 0x00000000ed700000| Complete 
| 216|0x00000000ed800000, 0x00000000ed900000, 0x00000000ed900000|100%| E|CS|TAMS 0x00000000ed800000| PB 0x00000000ed800000| Complete 
| 217|0x00000000ed900000, 0x00000000eda00000, 0x00000000eda00000|100%| E|CS|TAMS 0x00000000ed900000| PB 0x00000000ed900000| Complete 
| 218|0x00000000eda00000, 0x00000000edb00000, 0x00000000edb00000|100%| E|CS|TAMS 0x00000000eda00000| PB 0x00000000eda00000| Complete 
| 219|0x00000000edb00000, 0x00000000edc00000, 0x00000000edc00000|100%| E|CS|TAMS 0x00000000edb00000| PB 0x00000000edb00000| Complete 
| 220|0x00000000edc00000, 0x00000000edd00000, 0x00000000edd00000|100%| E|CS|TAMS 0x00000000edc00000| PB 0x00000000edc00000| Complete 
| 221|0x00000000edd00000, 0x00000000ede00000, 0x00000000ede00000|100%| E|CS|TAMS 0x00000000edd00000| PB 0x00000000edd00000| Complete 
| 222|0x00000000ede00000, 0x00000000edf00000, 0x00000000edf00000|100%| E|  |TAMS 0x00000000ede00000| PB 0x00000000ede00000| Complete 
| 223|0x00000000edf00000, 0x00000000ee000000, 0x00000000ee000000|100%| E|CS|TAMS 0x00000000edf00000| PB 0x00000000edf00000| Complete 
| 224|0x00000000ee000000, 0x00000000ee100000, 0x00000000ee100000|100%| E|CS|TAMS 0x00000000ee000000| PB 0x00000000ee000000| Complete 
| 225|0x00000000ee100000, 0x00000000ee200000, 0x00000000ee200000|100%| E|CS|TAMS 0x00000000ee100000| PB 0x00000000ee100000| Complete 
| 226|0x00000000ee200000, 0x00000000ee300000, 0x00000000ee300000|100%| E|CS|TAMS 0x00000000ee200000| PB 0x00000000ee200000| Complete 
| 227|0x00000000ee300000, 0x00000000ee400000, 0x00000000ee400000|100%| E|CS|TAMS 0x00000000ee300000| PB 0x00000000ee300000| Complete 
| 228|0x00000000ee400000, 0x00000000ee500000, 0x00000000ee500000|100%| E|CS|TAMS 0x00000000ee400000| PB 0x00000000ee400000| Complete 
| 229|0x00000000ee500000, 0x00000000ee600000, 0x00000000ee600000|100%| E|CS|TAMS 0x00000000ee500000| PB 0x00000000ee500000| Complete 
| 230|0x00000000ee600000, 0x00000000ee700000, 0x00000000ee700000|100%| E|CS|TAMS 0x00000000ee600000| PB 0x00000000ee600000| Complete 
| 231|0x00000000ee700000, 0x00000000ee800000, 0x00000000ee800000|100%| E|CS|TAMS 0x00000000ee700000| PB 0x00000000ee700000| Complete 
| 232|0x00000000ee800000, 0x00000000ee900000, 0x00000000ee900000|100%| E|CS|TAMS 0x00000000ee800000| PB 0x00000000ee800000| Complete 
| 233|0x00000000ee900000, 0x00000000eea00000, 0x00000000eea00000|100%| E|CS|TAMS 0x00000000ee900000| PB 0x00000000ee900000| Complete 
| 234|0x00000000eea00000, 0x00000000eeb00000, 0x00000000eeb00000|100%| E|CS|TAMS 0x00000000eea00000| PB 0x00000000eea00000| Complete 
| 235|0x00000000eeb00000, 0x00000000eec00000, 0x00000000eec00000|100%| E|CS|TAMS 0x00000000eeb00000| PB 0x00000000eeb00000| Complete 
| 236|0x00000000eec00000, 0x00000000eed00000, 0x00000000eed00000|100%| E|CS|TAMS 0x00000000eec00000| PB 0x00000000eec00000| Complete 
| 237|0x00000000eed00000, 0x00000000eee00000, 0x00000000eee00000|100%| E|CS|TAMS 0x00000000eed00000| PB 0x00000000eed00000| Complete 
| 238|0x00000000eee00000, 0x00000000eef00000, 0x00000000eef00000|100%| E|CS|TAMS 0x00000000eee00000| PB 0x00000000eee00000| Complete 
| 239|0x00000000eef00000, 0x00000000ef000000, 0x00000000ef000000|100%| E|CS|TAMS 0x00000000eef00000| PB 0x00000000eef00000| Complete 
| 240|0x00000000ef000000, 0x00000000ef100000, 0x00000000ef100000|100%| E|CS|TAMS 0x00000000ef000000| PB 0x00000000ef000000| Complete 
| 241|0x00000000ef100000, 0x00000000ef200000, 0x00000000ef200000|100%| E|CS|TAMS 0x00000000ef100000| PB 0x00000000ef100000| Complete 
| 242|0x00000000ef200000, 0x00000000ef300000, 0x00000000ef300000|100%| E|CS|TAMS 0x00000000ef200000| PB 0x00000000ef200000| Complete 
| 243|0x00000000ef300000, 0x00000000ef400000, 0x00000000ef400000|100%| E|CS|TAMS 0x00000000ef300000| PB 0x00000000ef300000| Complete 
| 244|0x00000000ef400000, 0x00000000ef500000, 0x00000000ef500000|100%| E|CS|TAMS 0x00000000ef400000| PB 0x00000000ef400000| Complete 
| 245|0x00000000ef500000, 0x00000000ef600000, 0x00000000ef600000|100%| E|CS|TAMS 0x00000000ef500000| PB 0x00000000ef500000| Complete 
| 246|0x00000000ef600000, 0x00000000ef700000, 0x00000000ef700000|100%| E|CS|TAMS 0x00000000ef600000| PB 0x00000000ef600000| Complete 
| 247|0x00000000ef700000, 0x00000000ef800000, 0x00000000ef800000|100%| E|CS|TAMS 0x00000000ef700000| PB 0x00000000ef700000| Complete 
| 248|0x00000000ef800000, 0x00000000ef900000, 0x00000000ef900000|100%| E|CS|TAMS 0x00000000ef800000| PB 0x00000000ef800000| Complete 
| 249|0x00000000ef900000, 0x00000000efa00000, 0x00000000efa00000|100%| E|CS|TAMS 0x00000000ef900000| PB 0x00000000ef900000| Complete 
| 250|0x00000000efa00000, 0x00000000efb00000, 0x00000000efb00000|100%| E|CS|TAMS 0x00000000efa00000| PB 0x00000000efa00000| Complete 
| 251|0x00000000efb00000, 0x00000000efc00000, 0x00000000efc00000|100%| E|CS|TAMS 0x00000000efb00000| PB 0x00000000efb00000| Complete 
| 252|0x00000000efc00000, 0x00000000efd00000, 0x00000000efd00000|100%| E|CS|TAMS 0x00000000efc00000| PB 0x00000000efc00000| Complete 
| 253|0x00000000efd00000, 0x00000000efe00000, 0x00000000efe00000|100%| E|CS|TAMS 0x00000000efd00000| PB 0x00000000efd00000| Complete 
| 254|0x00000000efe00000, 0x00000000eff00000, 0x00000000eff00000|100%| E|CS|TAMS 0x00000000efe00000| PB 0x00000000efe00000| Complete 
| 255|0x00000000eff00000, 0x00000000f0000000, 0x00000000f0000000|100%| E|CS|TAMS 0x00000000eff00000| PB 0x00000000eff00000| Complete 

Card table byte_map: [0x00000157fdfe0000,0x00000157fe0e0000] _byte_map_base: 0x00000157fd8e0000

Marking Bits: (CMBitMap*) 0x00000157fa9dd440
 Bits: [0x00000157fe0e0000, 0x00000157fe8e0000)

Polling page: 0x00000157f8770000

Metaspace:

Usage:
  Non-class:     46.47 MB used.
      Class:      7.81 MB used.
       Both:     54.28 MB used.

Virtual space:
  Non-class space:       64.00 MB reserved,      47.25 MB ( 74%) committed,  1 nodes.
      Class space:      320.00 MB reserved,       8.56 MB (  3%) committed,  1 nodes.
             Both:      384.00 MB reserved,      55.81 MB ( 15%) committed. 

Chunk freelists:
   Non-Class:  784.00 KB
       Class:  7.45 MB
        Both:  8.22 MB

MaxMetaspaceSize: 384.00 MB
CompressedClassSpaceSize: 320.00 MB
Initial GC threshold: 21.00 MB
Current GC threshold: 59.94 MB
CDS: on
 - commit_granule_bytes: 65536.
 - commit_granule_words: 8192.
 - virtual_space_node_default_size: 8388608.
 - enlarge_chunks_in_place: 1.
 - use_allocation_guard: 0.


Internal statistics:

num_allocs_failed_limit: 12.
num_arena_births: 2986.
num_arena_deaths: 0.
num_vsnodes_births: 2.
num_vsnodes_deaths: 0.
num_space_committed: 893.
num_space_uncommitted: 0.
num_chunks_returned_to_freelist: 12.
num_chunks_taken_from_freelist: 5388.
num_chunk_merges: 6.
num_chunk_splits: 3514.
num_chunks_enlarged: 2171.
num_inconsistent_stats: 0.

CodeHeap 'non-profiled nmethods': size=120000Kb used=3435Kb max_used=3435Kb free=116564Kb
 bounds [0x0000015787ad0000, 0x0000015787e30000, 0x000001578f000000]
CodeHeap 'profiled nmethods': size=120000Kb used=12281Kb max_used=12281Kb free=107718Kb
 bounds [0x0000015780000000, 0x0000015780c00000, 0x0000015787530000]
CodeHeap 'non-nmethods': size=5760Kb used=2881Kb max_used=2913Kb free=2878Kb
 bounds [0x0000015787530000, 0x0000015787820000, 0x0000015787ad0000]
CodeCache: size=245760Kb, used=18597Kb, max_used=18629Kb, free=227160Kb
 total_blobs=7381, nmethods=6463, adapters=822, full_count=0
Compilation: enabled, stopped_count=0, restarted_count=0

Compilation events (20 events):
Event: 37.008 Thread 0x00000157ff3b70e0 6943       3       org.gradle.internal.operations.DefaultBuildOperationAncestryTracker::finished (15 bytes)
Event: 37.008 Thread 0x00000157ff3b70e0 nmethod 6943 0x0000015780bf8710 code [0x0000015780bf88c0, 0x0000015780bf8ab8]
Event: 37.008 Thread 0x00000157ff3b70e0 6947       3       org.gradle.internal.logging.progress.DefaultProgressLoggerFactory$ProgressLoggerImpl::assertRunning (63 bytes)
Event: 37.010 Thread 0x00000157ff3b70e0 nmethod 6947 0x0000015780bf8b90 code [0x0000015780bf8ee0, 0x0000015780bfa458]
Event: 37.010 Thread 0x00000157ff3b70e0 6948       3       org.gradle.internal.operations.DefaultBuildOperationRunner$BuildOperationTrackingListener::close (42 bytes)
Event: 37.011 Thread 0x00000157ff3b70e0 nmethod 6948 0x0000015780bfab10 code [0x0000015780bfad40, 0x0000015780bfb430]
Event: 37.011 Thread 0x00000157ff3b70e0 6949       3       java.util.stream.Stream::of (13 bytes)
Event: 37.011 Thread 0x00000157ff3b70e0 nmethod 6949 0x0000015780bfb790 code [0x0000015780bfb960, 0x0000015780bfbc58]
Event: 37.011 Thread 0x00000157ff3b70e0 6950       3       java.util.stream.Streams$StreamBuilderImpl::<init> (16 bytes)
Event: 37.011 Thread 0x00000157ff3b70e0 nmethod 6950 0x0000015780bfbd90 code [0x0000015780bfbf40, 0x0000015780bfc168]
Event: 37.011 Thread 0x00000157ff3b70e0 6951       3       com.google.common.collect.ImmutableListMultimap$Builder::put (9 bytes)
Event: 37.011 Thread 0x00000157ff3b70e0 nmethod 6951 0x0000015780bfc290 code [0x0000015780bfc440, 0x0000015780bfc590]
Event: 37.011 Thread 0x00000157ff3b70e0 6941       3       org.gradle.internal.operations.BuildOperationProgressEventListenerAdapter::stop (92 bytes)
Event: 37.012 Thread 0x00000157ff3b70e0 nmethod 6941 0x0000015780bfc690 code [0x0000015780bfc8e0, 0x0000015780bfd1a0]
Event: 37.012 Thread 0x00000157ff3b70e0 6945       3       org.gradle.internal.operations.DefaultBuildOperationRunner$BuildOperationTrackingListener::stop (36 bytes)
Event: 37.013 Thread 0x00000157ff3b70e0 nmethod 6945 0x0000015780bfd590 code [0x0000015780bfd780, 0x0000015780bfdb58]
Event: 38.534 Thread 0x00000157ff3b70e0 6952       3       java.util.ComparableTimSort::reverseRange (32 bytes)
Event: 38.535 Thread 0x00000157ff3b70e0 nmethod 6952 0x0000015780bfdd90 code [0x0000015780bfdf60, 0x0000015780bfe450]
Event: 38.535 Thread 0x00000157ff3b70e0 6953       1       org.gradle.internal.concurrent.AbstractManagedExecutor::access$000 (5 bytes)
Event: 40.068 Thread 0x00000157ff3b70e0 nmethod 6953 0x0000015787e2aa90 code [0x0000015787e2ac20, 0x0000015787e2acd0]

GC Heap History (14 events):
Event: 1.121 GC heap before
{Heap before GC invocations=0 (full 0):
 garbage-first heap   total 262144K, used 26624K [0x00000000e0000000, 0x0000000100000000)
  region size 1024K, 23 young (23552K), 0 survivors (0K)
 Metaspace       used 1139K, committed 1280K, reserved 393216K
  class space    used 86K, committed 128K, reserved 327680K
}
Event: 1.127 GC heap after
{Heap after GC invocations=1 (full 0):
 garbage-first heap   total 262144K, used 10335K [0x00000000e0000000, 0x0000000100000000)
  region size 1024K, 3 young (3072K), 3 survivors (3072K)
 Metaspace       used 1139K, committed 1280K, reserved 393216K
  class space    used 86K, committed 128K, reserved 327680K
}
Event: 3.329 GC heap before
{Heap before GC invocations=1 (full 0):
 garbage-first heap   total 262144K, used 41055K [0x00000000e0000000, 0x0000000100000000)
  region size 1024K, 33 young (33792K), 3 survivors (3072K)
 Metaspace       used 4292K, committed 4480K, reserved 393216K
  class space    used 546K, committed 640K, reserved 327680K
}
Event: 3.336 GC heap after
{Heap after GC invocations=2 (full 0):
 garbage-first heap   total 262144K, used 12292K [0x00000000e0000000, 0x0000000100000000)
  region size 1024K, 2 young (2048K), 2 survivors (2048K)
 Metaspace       used 4292K, committed 4480K, reserved 393216K
  class space    used 546K, committed 640K, reserved 327680K
}
Event: 10.530 GC heap before
{Heap before GC invocations=2 (full 0):
 garbage-first heap   total 262144K, used 143364K [0x00000000e0000000, 0x0000000100000000)
  region size 1024K, 129 young (132096K), 2 survivors (2048K)
 Metaspace       used 20757K, committed 21504K, reserved 393216K
  class space    used 3059K, committed 3456K, reserved 327680K
}
Event: 10.552 GC heap after
{Heap after GC invocations=3 (full 0):
 garbage-first heap   total 262144K, used 25096K [0x00000000e0000000, 0x0000000100000000)
  region size 1024K, 14 young (14336K), 14 survivors (14336K)
 Metaspace       used 20757K, committed 21504K, reserved 393216K
  class space    used 3059K, committed 3456K, reserved 327680K
}
Event: 14.923 GC heap before
{Heap before GC invocations=4 (full 0):
 garbage-first heap   total 262144K, used 117256K [0x00000000e0000000, 0x0000000100000000)
  region size 1024K, 106 young (108544K), 14 survivors (14336K)
 Metaspace       used 34772K, committed 35968K, reserved 393216K
  class space    used 5169K, committed 5760K, reserved 327680K
}
Event: 14.956 GC heap after
{Heap after GC invocations=5 (full 0):
 garbage-first heap   total 262144K, used 31897K [0x00000000e0000000, 0x0000000100000000)
  region size 1024K, 7 young (7168K), 7 survivors (7168K)
 Metaspace       used 34772K, committed 35968K, reserved 393216K
  class space    used 5169K, committed 5760K, reserved 327680K
}
Event: 15.007 GC heap before
{Heap before GC invocations=5 (full 0):
 garbage-first heap   total 262144K, used 31897K [0x00000000e0000000, 0x0000000100000000)
  region size 1024K, 8 young (8192K), 7 survivors (7168K)
 Metaspace       used 35028K, committed 36288K, reserved 393216K
  class space    used 5177K, committed 5824K, reserved 327680K
}
Event: 15.019 GC heap after
{Heap after GC invocations=6 (full 0):
 garbage-first heap   total 262144K, used 32091K [0x00000000e0000000, 0x0000000100000000)
  region size 1024K, 7 young (7168K), 7 survivors (7168K)
 Metaspace       used 35028K, committed 36288K, reserved 393216K
  class space    used 5177K, committed 5824K, reserved 327680K
}
Event: 15.136 GC heap before
{Heap before GC invocations=6 (full 0):
 garbage-first heap   total 262144K, used 35163K [0x00000000e0000000, 0x0000000100000000)
  region size 1024K, 11 young (11264K), 7 survivors (7168K)
 Metaspace       used 35390K, committed 36608K, reserved 393216K
  class space    used 5217K, committed 5824K, reserved 327680K
}
Event: 15.148 GC heap after
{Heap after GC invocations=7 (full 0):
 garbage-first heap   total 262144K, used 33802K [0x00000000e0000000, 0x0000000100000000)
  region size 1024K, 9 young (9216K), 9 survivors (9216K)
 Metaspace       used 35390K, committed 36608K, reserved 393216K
  class space    used 5217K, committed 5824K, reserved 327680K
}
Event: 22.018 GC heap before
{Heap before GC invocations=8 (full 0):
 garbage-first heap   total 262144K, used 187402K [0x00000000e0000000, 0x0000000100000000)
  region size 1024K, 153 young (156672K), 9 survivors (9216K)
 Metaspace       used 50664K, committed 52288K, reserved 393216K
  class space    used 7319K, committed 8128K, reserved 327680K
}
Event: 22.050 GC heap after
{Heap after GC invocations=9 (full 0):
 garbage-first heap   total 262144K, used 42314K [0x00000000e0000000, 0x0000000100000000)
  region size 1024K, 17 young (17408K), 17 survivors (17408K)
 Metaspace       used 50664K, committed 52288K, reserved 393216K
  class space    used 7319K, committed 8128K, reserved 327680K
}

Dll operation events (14 events):
Event: 0.029 Loaded shared library C:\Users\HP\.vscode\extensions\redhat.java-1.54.0-win32-x64\jre\21.0.10-win32-x86_64\bin\java.dll
Event: 0.235 Loaded shared library C:\Users\HP\.vscode\extensions\redhat.java-1.54.0-win32-x64\jre\21.0.10-win32-x86_64\bin\zip.dll
Event: 0.278 Loaded shared library C:\Users\HP\.vscode\extensions\redhat.java-1.54.0-win32-x64\jre\21.0.10-win32-x86_64\bin\instrument.dll
Event: 0.289 Loaded shared library C:\Users\HP\.vscode\extensions\redhat.java-1.54.0-win32-x64\jre\21.0.10-win32-x86_64\bin\net.dll
Event: 0.299 Loaded shared library C:\Users\HP\.vscode\extensions\redhat.java-1.54.0-win32-x64\jre\21.0.10-win32-x86_64\bin\nio.dll
Event: 0.304 Loaded shared library C:\Users\HP\.vscode\extensions\redhat.java-1.54.0-win32-x64\jre\21.0.10-win32-x86_64\bin\zip.dll
Event: 0.708 Loaded shared library C:\Users\HP\.vscode\extensions\redhat.java-1.54.0-win32-x64\jre\21.0.10-win32-x86_64\bin\jimage.dll
Event: 1.134 Loaded shared library C:\Users\HP\.vscode\extensions\redhat.java-1.54.0-win32-x64\jre\21.0.10-win32-x86_64\bin\verify.dll
Event: 1.386 Loaded shared library C:\Users\HP\.gradle\native\c067742578af261105cb4f569cf0c3c89f3d7b1fecec35dd04571415982c5e48\windows-amd64\native-platform.dll
Event: 2.565 Loaded shared library C:\Users\HP\.gradle\native\100fb08df4bc3b14c8652ba06237920a3bd2aa13389f12d3474272988ae205f9\windows-amd64\native-platform-file-events.dll
Event: 4.448 Loaded shared library C:\Users\HP\.vscode\extensions\redhat.java-1.54.0-win32-x64\jre\21.0.10-win32-x86_64\bin\management.dll
Event: 4.458 Loaded shared library C:\Users\HP\.vscode\extensions\redhat.java-1.54.0-win32-x64\jre\21.0.10-win32-x86_64\bin\management_ext.dll
Event: 4.904 Loaded shared library C:\Users\HP\.vscode\extensions\redhat.java-1.54.0-win32-x64\jre\21.0.10-win32-x86_64\bin\extnet.dll
Event: 5.268 Loaded shared library C:\Users\HP\.vscode\extensions\redhat.java-1.54.0-win32-x64\jre\21.0.10-win32-x86_64\bin\sunmscapi.dll

Deoptimization events (20 events):
Event: 35.694 Thread 0x00000157acf02ba0 Uncommon trap: trap_request=0xffffff45 fr.pc=0x0000015787df6300 relative=0x0000000000001240
Event: 35.694 Thread 0x00000157acf02ba0 Uncommon trap: reason=unstable_if action=reinterpret pc=0x0000015787df6300 method=java.util.concurrent.ConcurrentHashMap.computeIfAbsent(Ljava/lang/Object;Ljava/util/function/Function;)Ljava/lang/Object; @ 279 c2
Event: 35.697 Thread 0x00000157acf02ba0 DEOPT PACKING pc=0x0000015787df6300 sp=0x00000042385fe0d0
Event: 35.697 Thread 0x00000157acf02ba0 DEOPT UNPACKING pc=0x0000015787587ba2 sp=0x00000042385fe048 mode 2
Event: 35.700 Thread 0x00000157acf05990 Uncommon trap: trap_request=0xffffff45 fr.pc=0x0000015787df6300 relative=0x0000000000001240
Event: 35.700 Thread 0x00000157acf05990 Uncommon trap: reason=unstable_if action=reinterpret pc=0x0000015787df6300 method=java.util.concurrent.ConcurrentHashMap.computeIfAbsent(Ljava/lang/Object;Ljava/util/function/Function;)Ljava/lang/Object; @ 279 c2
Event: 35.700 Thread 0x00000157acf05990 DEOPT PACKING pc=0x0000015787df6300 sp=0x00000042384fe000
Event: 35.700 Thread 0x00000157acf05990 DEOPT UNPACKING pc=0x0000015787587ba2 sp=0x00000042384fdf78 mode 2
Event: 35.701 Thread 0x00000157acf05300 Uncommon trap: trap_request=0xffffff45 fr.pc=0x0000015787df6300 relative=0x0000000000001240
Event: 35.701 Thread 0x00000157acf05300 Uncommon trap: reason=unstable_if action=reinterpret pc=0x0000015787df6300 method=java.util.concurrent.ConcurrentHashMap.computeIfAbsent(Ljava/lang/Object;Ljava/util/function/Function;)Ljava/lang/Object; @ 279 c2
Event: 35.701 Thread 0x00000157acf05300 DEOPT PACKING pc=0x0000015787df6300 sp=0x00000042383fdd10
Event: 35.701 Thread 0x00000157acf05300 DEOPT UNPACKING pc=0x0000015787587ba2 sp=0x00000042383fdc88 mode 2
Event: 35.701 Thread 0x00000157acf045e0 Uncommon trap: trap_request=0xffffff45 fr.pc=0x0000015787df6300 relative=0x0000000000001240
Event: 35.701 Thread 0x00000157acf045e0 Uncommon trap: reason=unstable_if action=reinterpret pc=0x0000015787df6300 method=java.util.concurrent.ConcurrentHashMap.computeIfAbsent(Ljava/lang/Object;Ljava/util/function/Function;)Ljava/lang/Object; @ 279 c2
Event: 35.701 Thread 0x00000157acf045e0 DEOPT PACKING pc=0x0000015787df6300 sp=0x00000042382fdd80
Event: 35.701 Thread 0x00000157acf045e0 DEOPT UNPACKING pc=0x0000015787587ba2 sp=0x00000042382fdcf8 mode 2
Event: 35.880 Thread 0x00000157aa0ee630 DEOPT PACKING pc=0x000001578056ecc6 sp=0x0000004235ef5a60
Event: 35.880 Thread 0x00000157aa0ee630 DEOPT UNPACKING pc=0x00000157875886e2 sp=0x0000004235ef4fe0 mode 0
Event: 37.005 Thread 0x00000157acf05990 DEOPT PACKING pc=0x000001578056ecc6 sp=0x00000042384fccd0
Event: 37.005 Thread 0x00000157acf05990 DEOPT UNPACKING pc=0x00000157875886e2 sp=0x00000042384fc250 mode 0

Classes loaded (20 events):
Event: 27.295 Loading class jdk/internal/reflect/ByteVectorImpl
Event: 27.295 Loading class jdk/internal/reflect/ByteVector
Event: 27.295 Loading class jdk/internal/reflect/ByteVector done
Event: 27.295 Loading class jdk/internal/reflect/ByteVectorImpl done
Event: 27.295 Loading class jdk/internal/reflect/ClassFileAssembler
Event: 27.296 Loading class jdk/internal/reflect/ClassFileAssembler done
Event: 27.296 Loading class jdk/internal/reflect/UTF8
Event: 27.296 Loading class jdk/internal/reflect/UTF8 done
Event: 27.297 Loading class jdk/internal/reflect/Label
Event: 27.297 Loading class jdk/internal/reflect/Label done
Event: 27.297 Loading class jdk/internal/reflect/Label$PatchInfo
Event: 27.298 Loading class jdk/internal/reflect/Label$PatchInfo done
Event: 27.298 Loading class jdk/internal/reflect/MethodAccessorGenerator$1
Event: 27.298 Loading class jdk/internal/reflect/MethodAccessorGenerator$1 done
Event: 27.298 Loading class jdk/internal/reflect/ClassDefiner
Event: 27.298 Loading class jdk/internal/reflect/ClassDefiner done
Event: 27.298 Loading class jdk/internal/reflect/ClassDefiner$1
Event: 27.298 Loading class jdk/internal/reflect/ClassDefiner$1 done
Event: 27.298 Loading class jdk/internal/reflect/SerializationConstructorAccessorImpl
Event: 27.299 Loading class jdk/internal/reflect/SerializationConstructorAccessorImpl done

Classes unloaded (0 events):
No events

Classes redefined (0 events):
No events

Internal exceptions (20 events):
Event: 20.261 Thread 0x00000157aa0ee630 Exception <a 'java/lang/NoSuchMethodError'{0x00000000e8fcaea0}: 'java.lang.Object java.lang.invoke.DirectMethodHandle$Holder.newInvokeSpecial(java.lang.Object, java.lang.Object, java.lang.Object, long)'> (0x00000000e8fcaea0) 
thrown [s\src\hotspot\share\interpreter\linkResolver.cpp, line 773]
Event: 20.262 Thread 0x00000157aa0ee630 Exception <a 'java/lang/NoSuchMethodError'{0x00000000e8fcfbe0}: 'java.lang.Object java.lang.invoke.DirectMethodHandle$Holder.invokeSpecial(java.lang.Object, java.lang.Object, java.lang.Object, java.lang.Object, long)'> (0x00000000e8fcfbe0) 
thrown [s\src\hotspot\share\interpreter\linkResolver.cpp, line 773]
Event: 20.262 Thread 0x00000157aa0ee630 Exception <a 'java/lang/NoSuchMethodError'{0x00000000e8fd40c0}: 'java.lang.Object java.lang.invoke.Invokers$Holder.linkToTargetMethod(java.lang.Object, java.lang.Object, long, java.lang.Object)'> (0x00000000e8fd40c0) 
thrown [s\src\hotspot\share\interpreter\linkResolver.cpp, line 773]
Event: 20.333 Thread 0x00000157aa0ee630 Exception <a 'java/lang/NoSuchMethodError'{0x00000000e8de7400}: 'java.lang.Object java.lang.invoke.DirectMethodHandle$Holder.newInvokeSpecial(java.lang.Object, java.lang.Object, java.lang.Object, java.lang.Object, java.lang.Object, java.lang.Object, java.lang.Object, java.lang.Object, java.lang.Object, java.lang.Object, java.lang.Object, java.lang.Object, java.lang.Object, java.lang.Object, java.lang.Object, java.lang.Object, java.lang.Object, java.lang.Object, java.lang.Object, java.lang.Object, java.lang
Event: 20.334 Thread 0x00000157aa0ee630 Exception <a 'java/lang/NoSuchMethodError'{0x00000000e8def270}: 'java.lang.Object java.lang.invoke.DirectMethodHandle$Holder.invokeSpecial(java.lang.Object, java.lang.Object, java.lang.Object, java.lang.Object, java.lang.Object, java.lang.Object, java.lang.Object, java.lang.Object, java.lang.Object, java.lang.Object, java.lang.Object, java.lang.Object, java.lang.Object, java.lang.Object, java.lang.Object, java.lang.Object, java.lang.Object, java.lang.Object, java.lang.Object, java.lang.Object, java.lang.Ob
Event: 20.334 Thread 0x00000157aa0ee630 Exception <a 'java/lang/NoSuchMethodError'{0x00000000e8df5820}: 'java.lang.Object java.lang.invoke.DelegatingMethodHandle$Holder.reinvoke_L(java.lang.Object, java.lang.Object, java.lang.Object, java.lang.Object, java.lang.Object, java.lang.Object, java.lang.Object, java.lang.Object, java.lang.Object, java.lang.Object, java.lang.Object, java.lang.Object, java.lang.Object, java.lang.Object, java.lang.Object, java.lang.Object, java.lang.Object, java.lang.Object, java.lang.Object, java.lang.Object, java.lang.O
Event: 20.769 Thread 0x00000157aa0ee630 Exception <a 'java/lang/NoSuchMethodError'{0x00000000e84ed6c0}: 'java.lang.Object java.lang.invoke.DirectMethodHandle$Holder.newInvokeSpecial(java.lang.Object, int, java.lang.Object)'> (0x00000000e84ed6c0) 
thrown [s\src\hotspot\share\interpreter\linkResolver.cpp, line 773]
Event: 20.979 Thread 0x00000157aa0ee630 Exception <a 'java/lang/NoSuchMethodError'{0x00000000e7efe748}: 'java.lang.Object java.lang.invoke.DirectMethodHandle$Holder.newInvokeSpecial(java.lang.Object, java.lang.Object, java.lang.Object, int)'> (0x00000000e7efe748) 
thrown [s\src\hotspot\share\interpreter\linkResolver.cpp, line 773]
Event: 20.979 Thread 0x00000157aa0ee630 Exception <a 'java/lang/NoSuchMethodError'{0x00000000e7d03798}: 'java.lang.Object java.lang.invoke.DirectMethodHandle$Holder.invokeSpecial(java.lang.Object, java.lang.Object, java.lang.Object, java.lang.Object, int)'> (0x00000000e7d03798) 
thrown [s\src\hotspot\share\interpreter\linkResolver.cpp, line 773]
Event: 20.980 Thread 0x00000157aa0ee630 Exception <a 'java/lang/NoSuchMethodError'{0x00000000e7d07f20}: 'java.lang.Object java.lang.invoke.Invokers$Holder.linkToTargetMethod(java.lang.Object, java.lang.Object, int, java.lang.Object)'> (0x00000000e7d07f20) 
thrown [s\src\hotspot\share\interpreter\linkResolver.cpp, line 773]
Event: 21.147 Thread 0x00000157aa0ee630 Exception <a 'java/lang/NoSuchMethodError'{0x00000000e7b4d308}: 'int java.lang.invoke.DirectMethodHandle$Holder.invokeSpecialIFC(java.lang.Object, java.lang.Object, java.lang.Object)'> (0x00000000e7b4d308) 
thrown [s\src\hotspot\share\interpreter\linkResolver.cpp, line 773]
Event: 21.324 Thread 0x00000157aa0ee630 Exception <a 'java/lang/NoSuchMethodError'{0x00000000e7753620}: 'java.lang.Object java.lang.invoke.DirectMethodHandle$Holder.invokeSpecial(java.lang.Object, java.lang.Object, java.lang.Object, java.lang.Object, java.lang.Object, long)'> (0x00000000e7753620) 
thrown [s\src\hotspot\share\interpreter\linkResolver.cpp, line 773]
Event: 21.327 Thread 0x00000157aa0ee630 Exception <a 'java/lang/NoSuchMethodError'{0x00000000e7778b48}: 'void java.lang.invoke.DirectMethodHandle$Holder.invokeStatic(java.lang.Object, java.lang.Object, java.lang.Object, int, java.lang.Object)'> (0x00000000e7778b48) 
thrown [s\src\hotspot\share\interpreter\linkResolver.cpp, line 773]
Event: 21.602 Thread 0x00000157aa0ee630 Exception <a 'sun/nio/fs/WindowsException'{0x00000000e73508e8}> (0x00000000e73508e8) 
thrown [s\src\hotspot\share\prims\jni.cpp, line 520]
Event: 21.722 Thread 0x00000157aa0ee630 Exception <a 'java/lang/NoSuchMethodError'{0x00000000e7099978}: 'void java.lang.invoke.DirectMethodHandle$Holder.invokeVirtual(java.lang.Object, java.lang.Object)'> (0x00000000e7099978) 
thrown [s\src\hotspot\share\interpreter\linkResolver.cpp, line 773]
Event: 25.684 Thread 0x00000157aa0ee630 Implicit null exception at 0x0000015787b30020 to 0x0000015787b3061c
Event: 26.128 Thread 0x00000157aa0ee630 Exception <a 'java/lang/NoSuchMethodError'{0x00000000eef2bff8}: 'java.lang.Object java.lang.invoke.DirectMethodHandle$Holder.invokeSpecial(java.lang.Object, java.lang.Object, long, java.lang.Object, java.lang.Object)'> (0x00000000eef2bff8) 
thrown [s\src\hotspot\share\interpreter\linkResolver.cpp, line 773]
Event: 27.306 Thread 0x00000157aa0ee630 Exception <a 'java/lang/NoSuchMethodError'{0x00000000ee478938}: 'java.lang.Object java.lang.invoke.DirectMethodHandle$Holder.newInvokeSpecial(java.lang.Object, java.lang.Object, java.lang.Object, java.lang.Object, int, java.lang.Object)'> (0x00000000ee478938) 
thrown [s\src\hotspot\share\interpreter\linkResolver.cpp, line 773]
Event: 27.308 Thread 0x00000157aa0ee630 Exception <a 'java/lang/NoSuchMethodError'{0x00000000ee4814c8}: 'java.lang.Object java.lang.invoke.Invokers$Holder.linkToTargetMethod(java.lang.Object, java.lang.Object, java.lang.Object, int, java.lang.Object, java.lang.Object)'> (0x00000000ee4814c8) 
thrown [s\src\hotspot\share\interpreter\linkResolver.cpp, line 773]
Event: 35.662 Thread 0x00000157aa0ee630 Exception <a 'java/lang/NoSuchMethodError'{0x00000000edb037f8}: 'java.lang.Object java.lang.invoke.DirectMethodHandle$Holder.invokeSpecialIFC(java.lang.Object, java.lang.Object, java.lang.Object)'> (0x00000000edb037f8) 
thrown [s\src\hotspot\share\interpreter\linkResolver.cpp, line 773]

ZGC Phase Switch (0 events):
No events

VM Operations (20 events):
Event: 23.813 Executing safepoint VM operation: Cleanup
Event: 23.813 Executing safepoint VM operation: Cleanup done
Event: 25.840 Executing safepoint VM operation: Cleanup
Event: 25.840 Executing safepoint VM operation: Cleanup done
Event: 26.522 Executing safepoint VM operation: ICBufferFull
Event: 26.522 Executing safepoint VM operation: ICBufferFull done
Event: 27.252 Executing non-safepoint VM operation: HandshakeAllThreads (Deoptimize)
Event: 27.252 Executing non-safepoint VM operation: HandshakeAllThreads (Deoptimize) done
Event: 28.265 Executing safepoint VM operation: Cleanup
Event: 28.266 Executing safepoint VM operation: Cleanup done
Event: 31.287 Executing safepoint VM operation: Cleanup
Event: 31.287 Executing safepoint VM operation: Cleanup done
Event: 34.309 Executing safepoint VM operation: Cleanup
Event: 34.309 Executing safepoint VM operation: Cleanup done
Event: 35.315 Executing safepoint VM operation: Cleanup
Event: 35.316 Executing safepoint VM operation: Cleanup done
Event: 36.323 Executing safepoint VM operation: Cleanup
Event: 37.005 Executing safepoint VM operation: Cleanup done
Event: 38.007 Executing safepoint VM operation: Cleanup
Event: 38.007 Executing safepoint VM operation: Cleanup done

Memory protections (0 events):
No events

Nmethod flushes (20 events):
Event: 15.203 Thread 0x00000157ff3872e0 flushing  nmethod 0x0000015780147010
Event: 15.203 Thread 0x00000157ff3872e0 flushing  nmethod 0x0000015780149010
Event: 15.203 Thread 0x00000157ff3872e0 flushing  nmethod 0x000001578014a610
Event: 15.203 Thread 0x00000157ff3872e0 flushing  nmethod 0x00000157801c7f10
Event: 15.203 Thread 0x00000157ff3872e0 flushing  nmethod 0x0000015780213810
Event: 15.203 Thread 0x00000157ff3872e0 flushing  nmethod 0x0000015780227390
Event: 15.203 Thread 0x00000157ff3872e0 flushing  nmethod 0x0000015780227a10
Event: 15.203 Thread 0x00000157ff3872e0 flushing  nmethod 0x000001578029c510
Event: 15.203 Thread 0x00000157ff3872e0 flushing  nmethod 0x00000157802ceb90
Event: 15.203 Thread 0x00000157ff3872e0 flushing  nmethod 0x00000157802d3a10
Event: 15.203 Thread 0x00000157ff3872e0 flushing  nmethod 0x0000015780379390
Event: 15.203 Thread 0x00000157ff3872e0 flushing  nmethod 0x000001578037a810
Event: 15.203 Thread 0x00000157ff3872e0 flushing  nmethod 0x000001578037d490
Event: 15.203 Thread 0x00000157ff3872e0 flushing  nmethod 0x000001578037db10
Event: 15.203 Thread 0x00000157ff3872e0 flushing  nmethod 0x0000015780381290
Event: 15.203 Thread 0x00000157ff3872e0 flushing  nmethod 0x0000015780491f90
Event: 15.203 Thread 0x00000157ff3872e0 flushing  nmethod 0x0000015780492510
Event: 15.203 Thread 0x00000157ff3872e0 flushing  nmethod 0x00000157804b3a90
Event: 15.203 Thread 0x00000157ff3872e0 flushing  nmethod 0x00000157804bb990
Event: 15.203 Thread 0x00000157ff3872e0 flushing  nmethod 0x0000015780500710

Events (20 events):
Event: 27.149 Thread 0x00000157aa0ee630 Thread added: 0x00000157aa79e280
Event: 27.149 Thread 0x00000157aa0ee630 Thread added: 0x00000157aa79ced0
Event: 27.149 Thread 0x00000157aa0ee630 Thread added: 0x00000157aa79dbf0
Event: 27.149 Thread 0x00000157aa0ee630 Thread added: 0x00000157acf038c0
Event: 27.150 Thread 0x00000157aa0ee630 Thread added: 0x00000157acf017f0
Event: 27.150 Thread 0x00000157aa0ee630 Thread added: 0x00000157acf00440
Event: 27.365 Thread 0x00000157aa0ee630 Thread added: 0x00000157acf03f50
Event: 27.367 Thread 0x00000157aa0ee630 Thread added: 0x00000157acf02510
Event: 27.369 Thread 0x00000157aa0ee630 Thread added: 0x00000157acf00ad0
Event: 27.372 Thread 0x00000157aa0ee630 Thread added: 0x00000157acf01160
Event: 27.374 Thread 0x00000157aa0ee630 Thread added: 0x00000157acf03230
Event: 27.376 Thread 0x00000157aa0ee630 Thread added: 0x00000157acf04c70
Event: 27.377 Thread 0x00000157aa0ee630 Thread added: 0x00000157acf01e80
Event: 35.664 Thread 0x00000157aa0ee630 Thread added: 0x00000157acf06020
Event: 35.665 Thread 0x00000157aa0ee630 Thread added: 0x00000157acf045e0
Event: 35.666 Thread 0x00000157aa0ee630 Thread added: 0x00000157acf05300
Event: 35.668 Thread 0x00000157aa0ee630 Thread added: 0x00000157acf05990
Event: 35.669 Thread 0x00000157aa0ee630 Thread added: 0x00000157acf02ba0
Event: 35.670 Thread 0x00000157aa0ee630 Thread added: 0x00000157acf06d40
Event: 35.671 Thread 0x00000157aa0ee630 Thread added: 0x00000157acf066b0


Dynamic libraries:
0x00007ff65cdc0000 - 0x00007ff65cdce000 	C:\Users\HP\.vscode\extensions\redhat.java-1.54.0-win32-x64\jre\21.0.10-win32-x86_64\bin\java.exe
0x00007fff449c0000 - 0x00007fff44c27000 	C:\WINDOWS\SYSTEM32\ntdll.dll
0x00007fff43060000 - 0x00007fff43129000 	C:\WINDOWS\System32\KERNEL32.DLL
0x00007fff414b0000 - 0x00007fff418a7000 	C:\WINDOWS\System32\KERNELBASE.dll
0x00007fff3ca80000 - 0x00007fff3cb20000 	C:\WINDOWS\SYSTEM32\apphelp.dll
0x00007fff42540000 - 0x00007fff4268b000 	C:\WINDOWS\System32\ucrtbase.dll
0x00007fff3a460000 - 0x00007fff3a47e000 	C:\Users\HP\.vscode\extensions\redhat.java-1.54.0-win32-x64\jre\21.0.10-win32-x86_64\bin\VCRUNTIME140.dll
0x00007ffefa830000 - 0x00007ffefa848000 	C:\Users\HP\.vscode\extensions\redhat.java-1.54.0-win32-x64\jre\21.0.10-win32-x86_64\bin\jli.dll
0x00007fff44430000 - 0x00007fff445f6000 	C:\WINDOWS\System32\USER32.dll
0x00007fff418b0000 - 0x00007fff418d7000 	C:\WINDOWS\System32\win32u.dll
0x00007fff404f0000 - 0x00007fff40782000 	C:\WINDOWS\WinSxS\amd64_microsoft.windows.common-controls_6595b64144ccf1df_6.0.26100.8457_none_3e0b2faee331e92d\COMCTL32.dll
0x00007fff43790000 - 0x00007fff437bb000 	C:\WINDOWS\System32\GDI32.dll
0x00007fff42f40000 - 0x00007fff42fe9000 	C:\WINDOWS\System32\msvcrt.dll
0x00007fff41990000 - 0x00007fff41abc000 	C:\WINDOWS\System32\gdi32full.dll
0x00007fff42690000 - 0x00007fff42733000 	C:\WINDOWS\System32\msvcp_win.dll
0x00007fff43130000 - 0x00007fff43162000 	C:\WINDOWS\System32\IMM32.DLL
0x00007fff26f60000 - 0x00007fff26f6c000 	C:\Users\HP\.vscode\extensions\redhat.java-1.54.0-win32-x64\jre\21.0.10-win32-x86_64\bin\vcruntime140_1.dll
0x00007ffecd430000 - 0x00007ffecd4bd000 	C:\Users\HP\.vscode\extensions\redhat.java-1.54.0-win32-x64\jre\21.0.10-win32-x86_64\bin\msvcp140.dll
0x00007ffe8d740000 - 0x00007ffe8e4e1000 	C:\Users\HP\.vscode\extensions\redhat.java-1.54.0-win32-x64\jre\21.0.10-win32-x86_64\bin\server\jvm.dll
0x00007fff435d0000 - 0x00007fff43686000 	C:\WINDOWS\System32\ADVAPI32.dll
0x00007fff42e90000 - 0x00007fff42f37000 	C:\WINDOWS\System32\sechost.dll
0x00007fff43170000 - 0x00007fff43288000 	C:\WINDOWS\System32\RPCRT4.dll
0x00007fff434c0000 - 0x00007fff43540000 	C:\WINDOWS\System32\WS2_32.dll
0x00007fff41250000 - 0x00007fff412ae000 	C:\WINDOWS\SYSTEM32\POWRPROF.dll
0x00007fff3e6f0000 - 0x00007fff3e6fb000 	C:\WINDOWS\SYSTEM32\VERSION.dll
0x00007fff35cb0000 - 0x00007fff35ce6000 	C:\WINDOWS\SYSTEM32\WINMM.dll
0x00007fff41230000 - 0x00007fff41244000 	C:\WINDOWS\SYSTEM32\UMPDC.dll
0x00007fff3fa60000 - 0x00007fff3fa7b000 	C:\WINDOWS\SYSTEM32\kernel.appcore.dll
0x00007fff25680000 - 0x00007fff2568a000 	C:\Users\HP\.vscode\extensions\redhat.java-1.54.0-win32-x64\jre\21.0.10-win32-x86_64\bin\jimage.dll
0x00007fff40bc0000 - 0x00007fff40e02000 	C:\WINDOWS\SYSTEM32\DBGHELP.DLL
0x00007fff42980000 - 0x00007fff42d03000 	C:\WINDOWS\System32\combase.dll
0x00007fff43290000 - 0x00007fff43369000 	C:\WINDOWS\System32\OLEAUT32.dll
0x00007fff40a90000 - 0x00007fff40acb000 	C:\WINDOWS\SYSTEM32\dbgcore.DLL
0x00007fff418e0000 - 0x00007fff41988000 	C:\WINDOWS\System32\bcryptPrimitives.dll
0x00007fff21970000 - 0x00007fff2197f000 	C:\Users\HP\.vscode\extensions\redhat.java-1.54.0-win32-x64\jre\21.0.10-win32-x86_64\bin\instrument.dll
0x00007ffed0c10000 - 0x00007ffed0c30000 	C:\Users\HP\.vscode\extensions\redhat.java-1.54.0-win32-x64\jre\21.0.10-win32-x86_64\bin\java.dll
0x00007fff43820000 - 0x00007fff43f8e000 	C:\WINDOWS\System32\SHELL32.dll
0x00007fff41c40000 - 0x00007fff424ac000 	C:\WINDOWS\System32\windows.storage.dll
0x00007fff42820000 - 0x00007fff42916000 	C:\WINDOWS\System32\SHCORE.dll
0x00007fff42ff0000 - 0x00007fff43056000 	C:\WINDOWS\System32\shlwapi.dll
0x00007fff41310000 - 0x00007fff41339000 	C:\WINDOWS\SYSTEM32\profapi.dll
0x00007ffecd590000 - 0x00007ffecd5a8000 	C:\Users\HP\.vscode\extensions\redhat.java-1.54.0-win32-x64\jre\21.0.10-win32-x86_64\bin\zip.dll
0x00007fff1ffc0000 - 0x00007fff1ffd0000 	C:\Users\HP\.vscode\extensions\redhat.java-1.54.0-win32-x64\jre\21.0.10-win32-x86_64\bin\net.dll
0x00007fff36790000 - 0x00007fff368b9000 	C:\WINDOWS\SYSTEM32\WINHTTP.dll
0x00007fff3ff90000 - 0x00007fff3fffc000 	C:\WINDOWS\system32\mswsock.dll
0x00007ffef2510000 - 0x00007ffef2526000 	C:\Users\HP\.vscode\extensions\redhat.java-1.54.0-win32-x64\jre\21.0.10-win32-x86_64\bin\nio.dll
0x00007fff21960000 - 0x00007fff21970000 	C:\Users\HP\.vscode\extensions\redhat.java-1.54.0-win32-x64\jre\21.0.10-win32-x86_64\bin\verify.dll
0x00007fff0add0000 - 0x00007fff0adf7000 	C:\Users\HP\.gradle\native\c067742578af261105cb4f569cf0c3c89f3d7b1fecec35dd04571415982c5e48\windows-amd64\native-platform.dll
0x00007ffe97a00000 - 0x00007ffe97b44000 	C:\Users\HP\.gradle\native\100fb08df4bc3b14c8652ba06237920a3bd2aa13389f12d3474272988ae205f9\windows-amd64\native-platform-file-events.dll
0x00007fff216d0000 - 0x00007fff216da000 	C:\Users\HP\.vscode\extensions\redhat.java-1.54.0-win32-x64\jre\21.0.10-win32-x86_64\bin\management.dll
0x00007fff20020000 - 0x00007fff2002c000 	C:\Users\HP\.vscode\extensions\redhat.java-1.54.0-win32-x64\jre\21.0.10-win32-x86_64\bin\management_ext.dll
0x00007fff437c0000 - 0x00007fff437c8000 	C:\WINDOWS\System32\PSAPI.DLL
0x00007fff40f10000 - 0x00007fff40f2b000 	C:\WINDOWS\SYSTEM32\CRYPTSP.dll
0x00007fff3f9c0000 - 0x00007fff3f9f9000 	C:\WINDOWS\system32\rsaenh.dll
0x00007fff40040000 - 0x00007fff40073000 	C:\WINDOWS\SYSTEM32\USERENV.dll
0x00007fff412e0000 - 0x00007fff4130a000 	C:\WINDOWS\SYSTEM32\bcrypt.dll
0x00007fff40320000 - 0x00007fff4032c000 	C:\WINDOWS\SYSTEM32\CRYPTBASE.dll
0x00007fff3ec30000 - 0x00007fff3ec62000 	C:\WINDOWS\SYSTEM32\IPHLPAPI.DLL
0x00007fff42800000 - 0x00007fff4280a000 	C:\WINDOWS\System32\NSI.dll
0x00007fff3a4b0000 - 0x00007fff3a4b9000 	C:\Users\HP\.vscode\extensions\redhat.java-1.54.0-win32-x64\jre\21.0.10-win32-x86_64\bin\extnet.dll
0x00007fff3a4c0000 - 0x00007fff3a4ce000 	C:\Users\HP\.vscode\extensions\redhat.java-1.54.0-win32-x64\jre\21.0.10-win32-x86_64\bin\sunmscapi.dll
0x00007fff41ac0000 - 0x00007fff41c38000 	C:\WINDOWS\System32\CRYPT32.dll
0x00007fff404b0000 - 0x00007fff404e0000 	C:\WINDOWS\SYSTEM32\ncrypt.dll
0x00007fff40460000 - 0x00007fff4049f000 	C:\WINDOWS\SYSTEM32\NTASN1.dll
0x00007fff3c8a0000 - 0x00007fff3c8a8000 	C:\WINDOWS\system32\wshunix.dll
0x00007fff3ecd0000 - 0x00007fff3ee02000 	C:\WINDOWS\SYSTEM32\DNSAPI.dll
0x00007fff3a4d0000 - 0x00007fff3a4db000 	C:\Windows\System32\rasadhlp.dll
0x00007fff3a640000 - 0x00007fff3a6c6000 	C:\WINDOWS\System32\fwpuclnt.dll

JVMTI agents:
C:\Users\HP\.gradle\wrapper\dists\gradle-8.9-bin\90cnw93cvbtalezasaz0blq0a\gradle-8.9\lib\agents\gradle-instrumentation-agent-8.9.jar path:C:\Users\HP\.vscode\extensions\redhat.java-1.54.0-win32-x64\jre\21.0.10-win32-x86_64\bin\instrument.dll, loaded, initialized, instrumentlib options:none

dbghelp: loaded successfully - version: 4.0.5 - missing functions: none
symbol engine: initialized successfully - sym options: 0x614 - pdb path: .;C:\Users\HP\.vscode\extensions\redhat.java-1.54.0-win32-x64\jre\21.0.10-win32-x86_64\bin;C:\WINDOWS\SYSTEM32;C:\WINDOWS\WinSxS\amd64_microsoft.windows.common-controls_6595b64144ccf1df_6.0.26100.8457_none_3e0b2faee331e92d;C:\Users\HP\.vscode\extensions\redhat.java-1.54.0-win32-x64\jre\21.0.10-win32-x86_64\bin\server;C:\Users\HP\.gradle\native\c067742578af261105cb4f569cf0c3c89f3d7b1fecec35dd04571415982c5e48\windows-amd64;C:\Users\HP\.gradle\native\100fb08df4bc3b14c8652ba06237920a3bd2aa13389f12d3474272988ae205f9\windows-amd64

VM Arguments:
jvm_args: --add-opens=java.base/java.util=ALL-UNNAMED --add-opens=java.base/java.lang=ALL-UNNAMED --add-opens=java.base/java.lang.invoke=ALL-UNNAMED --add-opens=java.prefs/java.util.prefs=ALL-UNNAMED --add-exports=jdk.compiler/com.sun.tools.javac.api=ALL-UNNAMED --add-exports=jdk.compiler/com.sun.tools.javac.util=ALL-UNNAMED --add-opens=java.base/java.nio.charset=ALL-UNNAMED --add-opens=java.base/java.net=ALL-UNNAMED --add-opens=java.base/java.util.concurrent.atomic=ALL-UNNAMED -XX:MaxMetaspaceSize=384m -XX:+HeapDumpOnOutOfMemoryError -Xms256m -Xmx512m -Dfile.encoding=utf8 -Duser.country=FR -Duser.language=fr -Duser.variant -javaagent:C:\Users\HP\.gradle\wrapper\dists\gradle-8.9-bin\90cnw93cvbtalezasaz0blq0a\gradle-8.9\lib\agents\gradle-instrumentation-agent-8.9.jar 
java_command: org.gradle.launcher.daemon.bootstrap.GradleDaemon 8.9
java_class_path (initial): C:\Users\HP\.gradle\wrapper\dists\gradle-8.9-bin\90cnw93cvbtalezasaz0blq0a\gradle-8.9\lib\gradle-daemon-main-8.9.jar
Launcher Type: SUN_STANDARD

[Global flags]
     intx CICompilerCount                          = 4                                         {product} {ergonomic}
   size_t CompressedClassSpaceSize                 = 335544320                                 {product} {ergonomic}
     uint ConcGCThreads                            = 2                                         {product} {ergonomic}
     uint G1ConcRefinementThreads                  = 8                                         {product} {ergonomic}
   size_t G1HeapRegionSize                         = 1048576                                   {product} {ergonomic}
    uintx GCDrainStackTargetSize                   = 64                                        {product} {ergonomic}
     bool HeapDumpOnOutOfMemoryError               = true                                   {manageable} {command line}
   size_t InitialHeapSize                          = 268435456                                 {product} {command line}
   size_t MarkStackSize                            = 4194304                                   {product} {ergonomic}
   size_t MaxHeapSize                              = 536870912                                 {product} {command line}
   size_t MaxMetaspaceSize                         = 402653184                                 {product} {command line}
   size_t MaxNewSize                               = 321912832                                 {product} {ergonomic}
   size_t MinHeapDeltaBytes                        = 1048576                                   {product} {ergonomic}
   size_t MinHeapSize                              = 268435456                                 {product} {command line}
    uintx NonNMethodCodeHeapSize                   = 5839372                                {pd product} {ergonomic}
    uintx NonProfiledCodeHeapSize                  = 122909434                              {pd product} {ergonomic}
    uintx ProfiledCodeHeapSize                     = 122909434                              {pd product} {ergonomic}
    uintx ReservedCodeCacheSize                    = 251658240                              {pd product} {ergonomic}
     bool SegmentedCodeCache                       = true                                      {product} {ergonomic}
   size_t SoftMaxHeapSize                          = 536870912                              {manageable} {ergonomic}
     bool UseCompressedOops                        = true                           {product lp64_product} {ergonomic}
     bool UseG1GC                                  = true                                      {product} {ergonomic}
     bool UseLargePagesIndividualAllocation        = false                                  {pd product} {ergonomic}

Logging:
Log output configuration:
 #0: stdout all=warning uptime,level,tags foldmultilines=false
 #1: stderr all=off uptime,level,tags foldmultilines=false

Release file:
JAVA_VERSION="21.0.10" 
MODULES="java.base java.compiler java.datatransfer java.xml java.prefs java.desktop java.instrument java.logging java.management java.security.sasl java.naming java.rmi java.management.rmi java.net.http java.scripting java.security.jgss java.transaction.xa java.sql java.sql.rowset java.xml.crypto java.se java.smartcardio jdk.accessibility jdk.internal.jvmstat jdk.attach jdk.charsets jdk.internal.opt jdk.zipfs jdk.compiler jdk.crypto.ec jdk.crypto.cryptoki jdk.crypto.mscapi jdk.dynalink jdk.internal.ed jdk.editpad jdk.hotspot.agent jdk.httpserver jdk.internal.le jdk.internal.vm.ci jdk.internal.vm.compiler jdk.internal.vm.compiler.management jdk.jartool jdk.javadoc jdk.jcmd jdk.management jdk.management.agent jdk.jconsole jdk.jdeps jdk.jdwp.agent jdk.jdi jdk.jfr jdk.jshell jdk.jsobject jdk.jstatd jdk.localedata jdk.management.jfr jdk.naming.dns jdk.naming.rmi jdk.net jdk.nio.mapmode jdk.random jdk.sctp jdk.security.auth jdk.security.jgss jdk.unsupported jdk.unsupported.desktop jdk.xml.dom" 

Environment Variables:
PATH=C:\oracle\bin;C:\Program Files\Common Files\Oracle\Java\javapath;C:\WINDOWS\system32;C:\WINDOWS;C:\WINDOWS\System32\Wbem;C:\WINDOWS\System32\WindowsPowerShell\v1.0\;C:\WINDOWS\System32\OpenSSH\;C:\Program Files\Microsoft SQL Server\150\Tools\Binn\;C:\Program Files\Microsoft SQL Server\Client SDK\ODBC\170\Tools\Binn\;C:\Program Files (x86)\Microsoft SQL Server\160\Tools\Binn\;C:\Program Files\Microsoft SQL Server\160\Tools\Binn\;C:\Program Files\Microsoft SQL Server\160\DTS\Binn\;C:\Program Files\nodejs\;C:\Program Files\dotnet\;C:\Program Files\Git\cmd;C:\Users\HP\AppData\Local\Programs\Python\Python313\Scripts\;C:\Users\HP\AppData\Local\Programs\Python\Python313\;C:\Users\HP\AppData\Local\Microsoft\WindowsApps;C:\Users\HP\AppData\Local\Programs\Microsoft VS Code\bin;C:\Users\HP\.dotnet\tools;C:\Users\HP\AppData\Roaming\npm;C:\Users\HP\Downloads\flutter_windows_3.41.9-stable\flutter\bin;C:\Users\HP\AppData\Local\Programs\Windsurf\bin
USERNAME=FARIDA KONE
OS=Windows_NT
PROCESSOR_IDENTIFIER=Intel64 Family 6 Model 140 Stepping 1, GenuineIntel
TMP=C:\Users\HP\AppData\Local\Temp
TEMP=C:\Users\HP\AppData\Local\Temp




Periodic native trim disabled

---------------  S Y S T E M  ---------------

OS:
 Windows 11 , 64 bit Build 26100 (10.0.26100.8328)
OS uptime: 0 days 14:59 hours

CPU: total 8 (initial active 8) (4 cores per cpu, 2 threads per core) family 6 model 140 stepping 1 microcode 0xb4, cx8, cmov, fxsr, ht, mmx, 3dnowpref, sse, sse2, sse3, ssse3, sse4.1, sse4.2, popcnt, lzcnt, tsc, tscinvbit, avx, avx2, aes, erms, clmul, bmi1, bmi2, adx, avx512f, avx512dq, avx512cd, avx512bw, avx512vl, sha, fma, vzeroupper, avx512_vpopcntdq, avx512_vpclmulqdq, avx512_vaes, avx512_vnni, clflush, clflushopt, clwb, avx512_vbmi2, avx512_vbmi, rdtscp, rdpid, fsrm, gfni, avx512_bitalg, f16c, pku, cet_ibt, cet_ss, avx512_ifma
Processor Information for processor 0
  Max Mhz: 2401, Current Mhz: 2401, Mhz Limit: 2401
Processor Information for processor 1
  Max Mhz: 2401, Current Mhz: 2401, Mhz Limit: 2401
Processor Information for processor 2
  Max Mhz: 2401, Current Mhz: 2401, Mhz Limit: 2401
Processor Information for processor 3
  Max Mhz: 2401, Current Mhz: 2401, Mhz Limit: 2401
Processor Information for processor 4
  Max Mhz: 2401, Current Mhz: 2401, Mhz Limit: 2401
Processor Information for processor 5
  Max Mhz: 2401, Current Mhz: 1100, Mhz Limit: 2401
Processor Information for processor 6
  Max Mhz: 2401, Current Mhz: 2401, Mhz Limit: 2401
Processor Information for processor 7
  Max Mhz: 2401, Current Mhz: 2401, Mhz Limit: 2401

Memory: 4k page, system-wide physical 7834M (398M free)
TotalPageFile size 31386M (AvailPageFile size 0M)
current process WorkingSet (physical memory assigned to process): 187M, peak: 340M
current process commit charge ("private bytes"): 467M, peak: 479M

vm_info: OpenJDK 64-Bit Server VM (21.0.10+7-LTS) for windows-amd64 JRE (21.0.10+7-LTS), built on 2026-01-20T00:00:00Z by "admin" with MS VC++ 17.12 (VS2022)

END.
